[     847ms] [WARNING] [PostHog.js] You have already initialized PostHog with a different project token! Re-initializing is a no-op, so events will keep going to the project this instance was initialized with. To capture into a second project, load PostHog once, then initialize a named instance after the SDK has loaded, e.g. posthog.init('phc_dK4ybo7i7IPKBqESmPiv8TzOz686PV27oWVzQMbWTgt', { ... }, 'project2') @ https://t.peec.ai/static/array.js:0
[    1210ms] [ERROR] Error: <filter> attribute x: Expected length, "-Infinity%". @ https://peec.ai/:700
[    1210ms] [ERROR] Error: <filter> attribute y: Expected length, "-Infinity%". @ https://peec.ai/:700
[    1210ms] [ERROR] Error: <filter> attribute width: Expected length, "Infinity%". @ https://peec.ai/:700
[    1210ms] [ERROR] Error: <filter> attribute height: Expected length, "Infinity%". @ https://peec.ai/:700
[    1210ms] [ERROR] Error: <mask> attribute x: Expected length, "-Infinity%". @ https://peec.ai/:700
[    1210ms] [ERROR] Error: <mask> attribute y: Expected length, "-Infinity%". @ https://peec.ai/:700
[    1210ms] [ERROR] Error: <mask> attribute width: Expected length, "Infinity%". @ https://peec.ai/:700
[    1210ms] [ERROR] Error: <mask> attribute height: Expected length, "Infinity%". @ https://peec.ai/:700
[    1210ms] [ERROR] Error: <rect> attribute x: Expected length, "-Infinity%". @ https://peec.ai/:700
[    1210ms] [ERROR] Error: <rect> attribute y: Expected length, "-Infinity%". @ https://peec.ai/:700
[    1210ms] [ERROR] Error: <rect> attribute width: Expected length, "Infinity%". @ https://peec.ai/:700
[    1210ms] [ERROR] Error: <rect> attribute height: Expected length, "Infinity%". @ https://peec.ai/:700
[    1210ms] [ERROR] Error: <filter> attribute x: Expected length, "-Infinity%". @ https://peec.ai/:700
[    1210ms] [ERROR] Error: <filter> attribute y: Expected length, "-Infinity%". @ https://peec.ai/:700
[    1210ms] [ERROR] Error: <filter> attribute width: Expected length, "Infinity%". @ https://peec.ai/:700
[    1210ms] [ERROR] Error: <filter> attribute height: Expected length, "Infinity%". @ https://peec.ai/:700
[    1210ms] [ERROR] Error: <mask> attribute x: Expected length, "-Infinity%". @ https://peec.ai/:700
[    1210ms] [ERROR] Error: <mask> attribute y: Expected length, "-Infinity%". @ https://peec.ai/:700
[    1210ms] [ERROR] Error: <mask> attribute width: Expected length, "Infinity%". @ https://peec.ai/:700
[    1210ms] [ERROR] Error: <mask> attribute height: Expected length, "Infinity%". @ https://peec.ai/:700
[    1210ms] [ERROR] Error: <rect> attribute x: Expected length, "-Infinity%". @ https://peec.ai/:700
[    1210ms] [ERROR] Error: <rect> attribute y: Expected length, "-Infinity%". @ https://peec.ai/:700
[    1210ms] [ERROR] Error: <rect> attribute width: Expected length, "Infinity%". @ https://peec.ai/:700
[    1210ms] [ERROR] Error: <rect> attribute height: Expected length, "Infinity%". @ https://peec.ai/:700
[    1210ms] [LOG] [peec] script loaded @ https://peec.ai/:783
[    1225ms] [ERROR] Error: <filter> attribute x: Expected length, "-Infinity%". @ https://peec.ai/:957
[    1225ms] [ERROR] Error: <filter> attribute y: Expected length, "-Infinity%". @ https://peec.ai/:957
[    1225ms] [ERROR] Error: <filter> attribute width: Expected length, "Infinity%". @ https://peec.ai/:957
[    1225ms] [ERROR] Error: <filter> attribute height: Expected length, "Infinity%". @ https://peec.ai/:957
[    1225ms] [ERROR] Error: <mask> attribute x: Expected length, "-Infinity%". @ https://peec.ai/:957
[    1225ms] [ERROR] Error: <mask> attribute y: Expected length, "-Infinity%". @ https://peec.ai/:957
[    1225ms] [ERROR] Error: <mask> attribute width: Expected length, "Infinity%". @ https://peec.ai/:957
[    1225ms] [ERROR] Error: <mask> attribute height: Expected length, "Infinity%". @ https://peec.ai/:957
[    1225ms] [ERROR] Error: <rect> attribute x: Expected length, "-Infinity%". @ https://peec.ai/:957
[    1225ms] [ERROR] Error: <rect> attribute y: Expected length, "-Infinity%". @ https://peec.ai/:957
[    1225ms] [ERROR] Error: <rect> attribute width: Expected length, "Infinity%". @ https://peec.ai/:957
[    1225ms] [ERROR] Error: <rect> attribute height: Expected length, "Infinity%". @ https://peec.ai/:957
[    1225ms] [ERROR] Error: <filter> attribute x: Expected length, "-Infinity%". @ https://peec.ai/:957
[    1225ms] [ERROR] Error: <filter> attribute y: Expected length, "-Infinity%". @ https://peec.ai/:957
[    1225ms] [ERROR] Error: <filter> attribute width: Expected length, "Infinity%". @ https://peec.ai/:957
[    1225ms] [ERROR] Error: <filter> attribute height: Expected length, "Infinity%". @ https://peec.ai/:957
[    1225ms] [ERROR] Error: <mask> attribute x: Expected length, "-Infinity%". @ https://peec.ai/:957
[    1225ms] [ERROR] Error: <mask> attribute y: Expected length, "-Infinity%". @ https://peec.ai/:957
[    1225ms] [ERROR] Error: <mask> attribute width: Expected length, "Infinity%". @ https://peec.ai/:957
[    1225ms] [ERROR] Error: <mask> attribute height: Expected length, "Infinity%". @ https://peec.ai/:957
[    1225ms] [ERROR] Error: <rect> attribute x: Expected length, "-Infinity%". @ https://peec.ai/:957
[    1225ms] [ERROR] Error: <rect> attribute y: Expected length, "-Infinity%". @ https://peec.ai/:957
[    1225ms] [ERROR] Error: <rect> attribute width: Expected length, "Infinity%". @ https://peec.ai/:957
[    1225ms] [ERROR] Error: <rect> attribute height: Expected length, "Infinity%". @ https://peec.ai/:957
[    2906ms] [WARNING] Blocked message from unauthorized origin: https://peec.ai @ https://import-cdn.default.com/gtm.js:0
[    2906ms] [WARNING] Blocked message from unauthorized origin: https://peec.ai @ https://import-cdn.default.com/gtm.js:0
[    3083ms] [ERROR] Load failed, error in settings @ https://t.peec.ai/static/posthog-recorder.js?v=1.416.0:0
[    3083ms] [ERROR] No visitor ID available. Load may have failed. @ https://t.peec.ai/static/posthog-recorder.js?v=1.416.0:0
[    4712ms] [LOG] [Framer On-Page Editing] Unavailable because not on a `framer.app` subdomain and access status is no-auth @ https://app.framerstatic.com/editorbar.X52GTSIN.mjs:0
