[    2986ms] [LOG] 
%c잠깐만! font-family:helvetica; font-size:20px; font-size:50px; font-weight:bold; color:red; -webkit-text-stroke:1px black; @ https://static.cdninstagram.com/rsrc.php/v4/yK/r/FQWvemhfbPn.js:246
[    2986ms] [LOG] 
%c이 기능은 개발자용으로 브라우저에서 제공되는 내용입니다. 누군가 Threads 기능을 사용하거나 다른 사람의 계정을 '해킹'하기 위해 여기에 특정 콘텐츠를 복사하여 붙여넣으라고 했다면 사기 행위로 간주하세요. 이 기능은 회원님의 Threads 계정에 대한 액세스 권한을 상대편에게 부여하는 것입니다. font-family:helvetica; font-size:20px;  @ https://static.cdninstagram.com/rsrc.php/v4/yK/r/FQWvemhfbPn.js:246
[    2986ms] [LOG] 
%c자세한 정보는 https://www.facebook.com/selfxss를 참고하세요. font-family:helvetica; font-size:20px;  @ https://static.cdninstagram.com/rsrc.php/v4/yK/r/FQWvemhfbPn.js:246
[    2986ms] [LOG] 
%c  @ https://static.cdninstagram.com/rsrc.php/v4/yK/r/FQWvemhfbPn.js:246
[    3040ms] [ERROR] ErrorUtils caught an error:

Minified React error #418; visit https://react.dev/errors/418?args[]=HTML&args[]= for the full message or use the non-minified dev environment for full errors and additional helpful warnings.

Subsequent non-fatal errors won't be logged; see https://fburl.com/debugjs. {column: 28786, clientTime: 1784772302, componentStackFrames: Array(53), extra: Object, guardList: Array(1)} @ https://static.cdninstagram.com/rsrc.php/v4/yK/r/FQWvemhfbPn.js:79
[    3067ms] Error: Minified React error #418; visit https://react.dev/errors/418?args[]=HTML&args[]= for the full message or use the non-minified dev environment for full errors and additional helpful warnings.
    at dr (https://static.cdninstagram.com/rsrc.php/v4i7E14/ye/l/ko_KR-j/_yN29qZGCvqX4imNmQI7mklBK6n6_KCaA40ygQ_StjkwgXdYivvCwsHqFO66wKDdJgoCgAfznH4e9P1HIUYBqZ4h.js:308:28786)
    at Vl (https://static.cdninstagram.com/rsrc.php/v4i7E14/ye/l/ko_KR-j/_yN29qZGCvqX4imNmQI7mklBK6n6_KCaA40ygQ_StjkwgXdYivvCwsHqFO66wKDdJgoCgAfznH4e9P1HIUYBqZ4h.js:308:80568)
    at rs (https://static.cdninstagram.com/rsrc.php/v4i7E14/ye/l/ko_KR-j/_yN29qZGCvqX4imNmQI7mklBK6n6_KCaA40ygQ_StjkwgXdYivvCwsHqFO66wKDdJgoCgAfznH4e9P1HIUYBqZ4h.js:308:89315)
    at Ed (https://static.cdninstagram.com/rsrc.php/v4i7E14/ye/l/ko_KR-j/_yN29qZGCvqX4imNmQI7mklBK6n6_KCaA40ygQ_StjkwgXdYivvCwsHqFO66wKDdJgoCgAfznH4e9P1HIUYBqZ4h.js:308:142710)
    at Ld (https://static.cdninstagram.com/rsrc.php/v4i7E14/ye/l/ko_KR-j/_yN29qZGCvqX4imNmQI7mklBK6n6_KCaA40ygQ_StjkwgXdYivvCwsHqFO66wKDdJgoCgAfznH4e9P1HIUYBqZ4h.js:308:142682)
    at Rd (https://static.cdninstagram.com/rsrc.php/v4i7E14/ye/l/ko_KR-j/_yN29qZGCvqX4imNmQI7mklBK6n6_KCaA40ygQ_StjkwgXdYivvCwsHqFO66wKDdJgoCgAfznH4e9P1HIUYBqZ4h.js:308:142537)
    at sd (https://static.cdninstagram.com/rsrc.php/v4i7E14/ye/l/ko_KR-j/_yN29qZGCvqX4imNmQI7mklBK6n6_KCaA40ygQ_StjkwgXdYivvCwsHqFO66wKDdJgoCgAfznH4e9P1HIUYBqZ4h.js:308:137696)
    at Yr (https://static.cdninstagram.com/rsrc.php/v4i7E14/ye/l/ko_KR-j/_yN29qZGCvqX4imNmQI7mklBK6n6_KCaA40ygQ_StjkwgXdYivvCwsHqFO66wKDdJgoCgAfznH4e9P1HIUYBqZ4h.js:308:35723)
    at Object.applyWithGuard (https://static.cdninstagram.com/rsrc.php/v4/yK/r/FQWvemhfbPn.js:80:10311)
    at e (https://static.cdninstagram.com/rsrc.php/v4/yK/r/FQWvemhfbPn.js:80:11008)
    at MessagePort.N (https://static.cdninstagram.com/rsrc.php/v4/yK/r/FQWvemhfbPn.js:236:1878)
