[     324ms] [LOG] JQMIGRATE: Migrate is installed with logging active, version 3.4.0 @ https://a.slack-edge.com/bv1-13-br/rollup-core_required_libs.74a908cd0c361a51.min.js:128
[    1348ms] [INFO] Jul-19 18:00:40.242 [BOOT] booted! pri:0 version:1784421377 start_ms:1784451639193 (1049ms ago) @ https://a.slack-edge.com/bv1-13-br/modern.vendor.4a44bda80c5358ea.min.js:3720
[    1352ms] [WARNING] Jul-19 18:00:40.245 (T00000000) Clogger context could not be determined, using empty context @ https://a.slack-edge.com/bv1-13-br/modern.vendor.4a44bda80c5358ea.min.js:3720
[    1352ms] [INFO] Jul-19 18:00:40.246 [TRACER] Tracing is not sampled by default for this session. @ https://a.slack-edge.com/bv1-13-br/modern.vendor.4a44bda80c5358ea.min.js:3720
[    1354ms] [WARNING] Jul-19 18:00:40.248 Could not find node with selector '[data-js="action_app_support"]' - cannot track click for this element @ https://a.slack-edge.com/bv1-13-br/modern.vendor.4a44bda80c5358ea.min.js:3720
[    1355ms] [WARNING] Jul-19 18:00:40.248 Could not find node with selector '[data-js="action_app_privacy"]' - cannot track click for this element @ https://a.slack-edge.com/bv1-13-br/modern.vendor.4a44bda80c5358ea.min.js:3720
[    1355ms] [WARNING] Jul-19 18:00:40.248 Could not find node with selector '[data-js="action_report_app"]' - cannot track click for this element @ https://a.slack-edge.com/bv1-13-br/modern.vendor.4a44bda80c5358ea.min.js:3720
[    1368ms] [WARNING] Jul-19 18:00:40.262 TELEMETRY You tried to get a team-specific telemeter but didn’t provide enough context and are getting the generic telemeter instead which is likely not what you want. @ https://a.slack-edge.com/bv1-13-br/modern.vendor.4a44bda80c5358ea.min.js:3720
[    1731ms] [WARNING] Jul-19 18:00:40.624 TELEMETRY You tried to get a team-specific telemeter but didn’t provide enough context and are getting the generic telemeter instead which is likely not what you want. @ https://a.slack-edge.com/bv1-13-br/modern.vendor.4a44bda80c5358ea.min.js:3720
[    1742ms] [INFO] Jul-19 18:00:40.635 [INFO] running without a user @ https://a.slack-edge.com/bv1-13-br/modern.vendor.4a44bda80c5358ea.min.js:3720
[    1750ms] [WARNING] Jul-19 18:00:40.643 TELEMETRY You tried to get a team-specific telemeter but didn’t provide enough context and are getting the generic telemeter instead which is likely not what you want. @ https://a.slack-edge.com/bv1-13-br/modern.vendor.4a44bda80c5358ea.min.js:3720
[    1758ms] [WARNING] Jul-19 18:00:40.652 TELEMETRY You tried to get a team-specific telemeter but didn’t provide enough context and are getting the generic telemeter instead which is likely not what you want. @ https://a.slack-edge.com/bv1-13-br/modern.vendor.4a44bda80c5358ea.min.js:3720
[    1758ms] [INFO] Jul-19 18:00:40.652 [UFM-TEAMS] (T00000000) requesting T00000000 (1) @ https://a.slack-edge.com/bv1-13-br/modern.vendor.4a44bda80c5358ea.min.js:3720
[    1759ms] [ERROR] Jul-19 18:00:40.653 LEGACY-API-TOKEN (T00000000) Falling back to TS.model.api_token on https://slack.com/marketplace/A0F7XDUAZ?settings=1&tab=settings @ https://a.slack-edge.com/bv1-13-br/modern.vendor.4a44bda80c5358ea.min.js:3720
[    1760ms] [WARNING] Jul-19 18:00:40.654 TRACES You tried to get a team-specific tracer but didn’t provide enough context and are getting the generic tracer instead which is likely not what you want. @ https://a.slack-edge.com/bv1-13-br/modern.vendor.4a44bda80c5358ea.min.js:3720
[    1761ms] [WARNING] Jul-19 18:00:40.655 TRACES You tried to get a team-specific tracer but didn’t provide enough context and are getting the generic tracer instead which is likely not what you want. @ https://a.slack-edge.com/bv1-13-br/modern.vendor.4a44bda80c5358ea.min.js:3720
[    1761ms] [INFO] Jul-19 18:00:40.655 [API-Q] (T00000000) c32fd661-1784451640.654 team.info called with reason: UnknownFetchManager @ https://a.slack-edge.com/bv1-13-br/modern.vendor.4a44bda80c5358ea.min.js:3720
[    1761ms] [INFO] Jul-19 18:00:40.655 [API-Q] (T00000000) c32fd661-1784451640.654 team.info is ENQUEUED @ https://a.slack-edge.com/bv1-13-br/modern.vendor.4a44bda80c5358ea.min.js:3720
[    1772ms] [WARNING] Jul-19 18:00:40.665 TELEMETRY You tried to get a team-specific telemeter but didn’t provide enough context and are getting the generic telemeter instead which is likely not what you want. @ https://a.slack-edge.com/bv1-13-br/modern.vendor.4a44bda80c5358ea.min.js:3720
[    1772ms] [WARNING] Jul-19 18:00:40.665 TRACES You tried to get a team-specific tracer but didn’t provide enough context and are getting the generic tracer instead which is likely not what you want. @ https://a.slack-edge.com/bv1-13-br/modern.vendor.4a44bda80c5358ea.min.js:3720
[    1774ms] [ERROR] Jul-19 18:00:40.668 LEGACY-API-TOKEN (T00000000) Falling back to TS.model.api_token on https://slack.com/marketplace/A0F7XDUAZ?settings=1&tab=settings @ https://a.slack-edge.com/bv1-13-br/modern.vendor.4a44bda80c5358ea.min.js:3720
[    1775ms] [WARNING] Jul-19 18:00:40.668 TRACES You tried to get a team-specific tracer but didn’t provide enough context and are getting the generic tracer instead which is likely not what you want. @ https://a.slack-edge.com/bv1-13-br/modern.vendor.4a44bda80c5358ea.min.js:3720
[    1775ms] [WARNING] Jul-19 18:00:40.669 TRACES You tried to get a team-specific tracer but didn’t provide enough context and are getting the generic tracer instead which is likely not what you want. @ https://a.slack-edge.com/bv1-13-br/modern.vendor.4a44bda80c5358ea.min.js:3720
[    1775ms] [INFO] Jul-19 18:00:40.669 [API-Q] (T00000000) c32fd661-1784451640.668 megaphone.notifications.list called with reason: load-megaphone-notification-data @ https://a.slack-edge.com/bv1-13-br/modern.vendor.4a44bda80c5358ea.min.js:3720
[    1775ms] [INFO] Jul-19 18:00:40.669 [API-Q] (T00000000) c32fd661-1784451640.668 megaphone.notifications.list is ENQUEUED @ https://a.slack-edge.com/bv1-13-br/modern.vendor.4a44bda80c5358ea.min.js:3720
[    1776ms] [WARNING] Jul-19 18:00:40.669 TELEMETRY You tried to get a team-specific telemeter but didn’t provide enough context and are getting the generic telemeter instead which is likely not what you want. @ https://a.slack-edge.com/bv1-13-br/modern.vendor.4a44bda80c5358ea.min.js:3720
[    1778ms] [WARNING] Jul-19 18:00:40.672 TELEMETRY You tried to get a team-specific telemeter but didn’t provide enough context and are getting the generic telemeter instead which is likely not what you want. @ https://a.slack-edge.com/bv1-13-br/modern.vendor.4a44bda80c5358ea.min.js:3720
[    1779ms] [WARNING] Jul-19 18:00:40.672 TELEMETRY You tried to get a team-specific telemeter but didn’t provide enough context and are getting the generic telemeter instead which is likely not what you want. @ https://a.slack-edge.com/bv1-13-br/modern.vendor.4a44bda80c5358ea.min.js:3720
[    1780ms] [WARNING] Jul-19 18:00:40.673 TELEMETRY You tried to get a team-specific telemeter but didn’t provide enough context and are getting the generic telemeter instead which is likely not what you want. @ https://a.slack-edge.com/bv1-13-br/modern.vendor.4a44bda80c5358ea.min.js:3720
[    1781ms] [WARNING] Jul-19 18:00:40.674 TELEMETRY You tried to get a team-specific telemeter but didn’t provide enough context and are getting the generic telemeter instead which is likely not what you want. @ https://a.slack-edge.com/bv1-13-br/modern.vendor.4a44bda80c5358ea.min.js:3720
[    1815ms] [INFO] Jul-19 18:00:40.709 [API-Q] (T00000000) c32fd661-1784451640.654 team.info is ACTIVE @ https://a.slack-edge.com/bv1-13-br/modern.vendor.4a44bda80c5358ea.min.js:3720
[    1815ms] [INFO] Jul-19 18:00:40.709 [API-Q] (T00000000) c32fd661-1784451640.668 megaphone.notifications.list is ACTIVE @ https://a.slack-edge.com/bv1-13-br/modern.vendor.4a44bda80c5358ea.min.js:3720
[    2244ms] [INFO] Jul-19 18:00:41.137 [API-Q] (T00000000) c32fd661-1784451640.668 megaphone.notifications.list is REJECTED: API not ok not_authed @ https://a.slack-edge.com/bv1-13-br/modern.vendor.4a44bda80c5358ea.min.js:3720
[    2244ms] [WARNING] Jul-19 18:00:41.137 TRACES You tried to get a team-specific tracer but didn’t provide enough context and are getting the generic tracer instead which is likely not what you want. @ https://a.slack-edge.com/bv1-13-br/modern.vendor.4a44bda80c5358ea.min.js:3720
[    2245ms] [ERROR] Jul-19 18:00:41.138 (T00000000) API call to megaphone.notifications.list
						with reason load-megaphone-notification-data failed, initiated by generated fetcher @ https://a.slack-edge.com/bv1-13-br/modern.vendor.4a44bda80c5358ea.min.js:3720
[    2246ms] [INFO] Jul-19 18:00:41.139 [API-Q] (T00000000) c32fd661-1784451640.654 team.info is REJECTED: API not ok not_authed @ https://a.slack-edge.com/bv1-13-br/modern.vendor.4a44bda80c5358ea.min.js:3720
[    2246ms] [WARNING] Jul-19 18:00:41.139 TRACES You tried to get a team-specific tracer but didn’t provide enough context and are getting the generic tracer instead which is likely not what you want. @ https://a.slack-edge.com/bv1-13-br/modern.vendor.4a44bda80c5358ea.min.js:3720
[    2246ms] [INFO] Jul-19 18:00:41.140 [UFM-TEAMS] (T00000000) received T00000000 (1) @ https://a.slack-edge.com/bv1-13-br/modern.vendor.4a44bda80c5358ea.min.js:3720
[    2246ms] [WARNING] Jul-19 18:00:41.140 UFM-teams (T00000000) UnknownFetchManager requested 1 objects but received 0. Missing objects: T00000000 @ https://a.slack-edge.com/bv1-13-br/modern.vendor.4a44bda80c5358ea.min.js:3720
[   38505ms] [INFO] Jul-19 18:01:17.398 [WINDOW-UNLOADING] (T00000000) workspace handling window unloading event @ https://a.slack-edge.com/bv1-13-br/modern.vendor.4a44bda80c5358ea.min.js:3720
