[   10385ms] [WARNING] Attempt to display unsupported field  @ https://www.gstatic.com/devrel-devsite/prod/v303cfab58e2ecfbd382191434137bc118fc92bc795e9241c9d005d07c4d0550a/firebase/js/devsite_app_custom_elements_module__ko.js:1958
[   10386ms] [WARNING] Attempt to display unsupported field  @ https://www.gstatic.com/devrel-devsite/prod/v303cfab58e2ecfbd382191434137bc118fc92bc795e9241c9d005d07c4d0550a/firebase/js/devsite_app_custom_elements_module__ko.js:1958
[   10421ms] [WARNING] Attempt to display unsupported field  @ https://www.gstatic.com/devrel-devsite/prod/v303cfab58e2ecfbd382191434137bc118fc92bc795e9241c9d005d07c4d0550a/firebase/js/devsite_app_custom_elements_module__ko.js:1958
[   16965ms] Uncaught (in promise) NotSupportedError: Failed to get a ServiceWorkerRegistration: The user denied permission to use Service Worker.
    at register (https://www.gstatic.com/devrel-devsite/prod/v303cfab58e2ecfbd382191434137bc118fc92bc795e9241c9d005d07c4d0550a/firebase/js/devsite_app_module__ko.js:202:484)
[ 1317099ms] [VERBOSE] [DOM] Password field is not contained in a form: (More info: https://goo.gl/9p2vKq) %o @ https://accounts.google.com/v3/signin/identifier?continue=https%3A%2F%2Ffirebase.google.com%2F_d%2Freturn%3Fcontinue%3Dhttps%253A%252F%252Ffirebase.google.com%252F%253Fhl%253Dko&dsh=S251722931%3A1785251564608659&flowName=GlifWebSignIn&flowEntry=ServiceLogin&ifkv=Ac50bxuuJ3cPaESmJZ2IZDJp3sCILzxeiSq3tBePlO0cQJL2JvoakWwWaRcWXVBSPWGeeMlFxomOOw:0
[ 1317103ms] [LOG] %c%s color: red; background: yellow; font-size: 24px; 경고! @ https://www.gstatic.com/_/mss/boq-identity/_/js/k=boq-identity.AccountsSignInUi.ko.08NnG0RC15A.es5.O/am=EQUAAADIoC9EAND___8AAAQQZDvgPQugCRAyAAAAAAAAAADAAgAANQII/d=1/excm=_b,_tp,identifierview/ed=1/dg=0/wt=2/ujg=1/rs=AOaEmlGAVXbKl-2JEkOEwYPvoSZ0zQJa5A/dti=1/m=_b,_tp:552
[ 1317103ms] [LOG] %c%s font-size: 18px; 이 콘솔을 사용하면 공격자가 Self-XSS라는 공격을 통해 내 신원을 도용하여 내 정보를 빼낼 수 있습니다.
알지 못하는 코드를 입력하거나 붙여넣지 마세요. @ https://www.gstatic.com/_/mss/boq-identity/_/js/k=boq-identity.AccountsSignInUi.ko.08NnG0RC15A.es5.O/am=EQUAAADIoC9EAND___8AAAQQZDvgPQugCRAyAAAAAAAAAADAAgAANQII/d=1/excm=_b,_tp,identifierview/ed=1/dg=0/wt=2/ujg=1/rs=AOaEmlGAVXbKl-2JEkOEwYPvoSZ0zQJa5A/dti=1/m=_b,_tp:552
[ 1321753ms] [VERBOSE] [DOM] Password field is not contained in a form: (More info: https://goo.gl/9p2vKq) %o @ https://accounts.google.com/v3/signin/challenge/pwd?TL=AE6FvyYzdPP-tVCo5MkdkcEph8Kk7b-tnqjhX2a80JY8UmLVVixaMfNuwhIAbRUM&checkConnection=youtube%3A300&checkedDomains=youtube&cid=1&continue=https%3A%2F%2Ffirebase.google.com%2F_d%2Freturn%3Fcontinue%3Dhttps%253A%252F%252Ffirebase.google.com%252F%253Fhl%253Dko&dsh=S251722931%3A1785251564608659&flowEntry=ServiceLogin&flowName=GlifWebSignIn&ifkv=Ac50bxuuJ3cPaESmJZ2IZDJp3sCILzxeiSq3tBePlO0cQJL2JvoakWwWaRcWXVBSPWGeeMlFxomOOw&pstMsg=1:0
[ 1350532ms] [WARNING] Attempt to display unsupported field  @ https://www.gstatic.com/devrel-devsite/prod/v303cfab58e2ecfbd382191434137bc118fc92bc795e9241c9d005d07c4d0550a/firebase/js/devsite_app_custom_elements_module__ko.js:1958
[ 1350984ms] [WARNING] Attempt to display unsupported field  @ https://www.gstatic.com/devrel-devsite/prod/v303cfab58e2ecfbd382191434137bc118fc92bc795e9241c9d005d07c4d0550a/firebase/js/devsite_app_custom_elements_module__ko.js:1958
[ 1351139ms] [WARNING] Attempt to display unsupported field  @ https://www.gstatic.com/devrel-devsite/prod/v303cfab58e2ecfbd382191434137bc118fc92bc795e9241c9d005d07c4d0550a/firebase/js/devsite_app_custom_elements_module__ko.js:1958
[ 1351618ms] Uncaught (in promise) NotSupportedError: Failed to get a ServiceWorkerRegistration: The user denied permission to use Service Worker.
    at register (https://www.gstatic.com/devrel-devsite/prod/v303cfab58e2ecfbd382191434137bc118fc92bc795e9241c9d005d07c4d0550a/firebase/js/devsite_app_module__ko.js:202:484)
[ 1353677ms] [ERROR] Failed to load resource: the server responded with a status of 404 () @ https://cloudusersettings-pa.clients6.google.com/v1alpha1/settings/SHELL_STARS_GLOBAL?key.subkey=PROJECT&key=AIzaSyDovLKo3djdRbs963vqKdbj-geRWyzMTrg&alt=json:0
[ 1353904ms] [ERROR] Failed to load resource: the server responded with a status of 404 () @ https://cloudusersettings-pa.clients6.google.com/v1alpha1/settings/FIREBASE_PROMOS_DISMISSED_UNTIL?key.subkey=mfa_conformance_banner_2024_12_21&alt=json&key=AIzaSyDovLKo3djdRbs963vqKdbj-geRWyzMTrg:0
[ 1353968ms] [ERROR] Failed to load resource: the server responded with a status of 404 () @ https://cloudusersettings-pa.clients6.google.com/v1alpha1/settings/SHELL_STARS_GLOBAL?key.subkey=FIREBASE_STUDIO_WORKSPACE&alt=json&key=AIzaSyDovLKo3djdRbs963vqKdbj-geRWyzMTrg:0
[ 1356239ms] [ERROR] Failed to load resource: the server responded with a status of 403 () @ https://cloudresourcemanager.clients6.google.com/$rpc/google.cloud.resourcemanager.v3.Projects/GetProject:0
[ 1357714ms] [WARNING] No ID or name found in config. @ https://www.gstatic.com/_/fireconsole/_/js/k=fireconsole.ngh.ko.nytLnkRigMI.2018.O/am=BIgAJyYcBA/d=1/dg=0/br=1/rs=AON9PukHe4a-bbSFTFzPa4WNWXawUQQzMA/m=b,landing_page_feature?wli=ngh.nKjUf3m3UEY.loadG3markFullWrapper.O%3A%3B:1657
[ 1386684ms] [WARNING] Attempt to display unsupported field  @ https://www.gstatic.com/devrel-devsite/prod/v303cfab58e2ecfbd382191434137bc118fc92bc795e9241c9d005d07c4d0550a/firebase/js/devsite_app_custom_elements_module__ko.js:1958
[ 1386697ms] [WARNING] Attempt to display unsupported field  @ https://www.gstatic.com/devrel-devsite/prod/v303cfab58e2ecfbd382191434137bc118fc92bc795e9241c9d005d07c4d0550a/firebase/js/devsite_app_custom_elements_module__ko.js:1958
[ 1386724ms] [WARNING] Attempt to display unsupported field  @ https://www.gstatic.com/devrel-devsite/prod/v303cfab58e2ecfbd382191434137bc118fc92bc795e9241c9d005d07c4d0550a/firebase/js/devsite_app_custom_elements_module__ko.js:1958
[ 1388019ms] Uncaught (in promise) NotSupportedError: Failed to get a ServiceWorkerRegistration: The user denied permission to use Service Worker.
    at register (https://www.gstatic.com/devrel-devsite/prod/v303cfab58e2ecfbd382191434137bc118fc92bc795e9241c9d005d07c4d0550a/firebase/js/devsite_app_module__ko.js:202:484)
[ 1388192ms] [ERROR] Failed to load resource: the server responded with a status of 503 (Service Unavailable) @ https://cgc-ui-boq-autopush.corp.google.com/__/pingz?hl=ko&platform=devsite&page=%2F&ifgr=true:0
[ 2507849ms] [LOG] %c%s color: red; background: yellow; font-size: 24px; 경고! @ https://www.gstatic.com/_/mss/boq-identity/_/js/k=boq-identity.AccountsSignInUi.ko.08NnG0RC15A.es5.O/am=EQUAAADIoC9EAND___8AAAQQZDvgPQugCRAyAAAAAAAAAADAAgAANQII/d=1/excm=_b,_tp,accountchooserview/ed=1/dg=0/wt=2/ujg=1/rs=AOaEmlGAVXbKl-2JEkOEwYPvoSZ0zQJa5A/dti=1/m=_b,_tp:552
[ 2507849ms] [LOG] %c%s font-size: 18px; 이 콘솔을 사용하면 공격자가 Self-XSS라는 공격을 통해 내 신원을 도용하여 내 정보를 빼낼 수 있습니다.
알지 못하는 코드를 입력하거나 붙여넣지 마세요. @ https://www.gstatic.com/_/mss/boq-identity/_/js/k=boq-identity.AccountsSignInUi.ko.08NnG0RC15A.es5.O/am=EQUAAADIoC9EAND___8AAAQQZDvgPQugCRAyAAAAAAAAAADAAgAANQII/d=1/excm=_b,_tp,accountchooserview/ed=1/dg=0/wt=2/ujg=1/rs=AOaEmlGAVXbKl-2JEkOEwYPvoSZ0zQJa5A/dti=1/m=_b,_tp:552
[ 2511073ms] [VERBOSE] [DOM] Password field is not contained in a form: (More info: https://goo.gl/9p2vKq) %o @ https://accounts.google.com/v3/signin/challenge/pwd?TL=AE6FvyarIlG7F7kcGtCF9XuVcTipTqg6bb_JmZmLpWWES7Osoxk4RpnCRS4jW09Y&cid=1&continue=https%3A%2F%2Ffirebase.google.com%2F_d%2Freturn%3Fcontinue%3Dhttps%253A%252F%252Ffirebase.google.com%252F%253Fhl%253Dko&dsh=S554232790%3A1785252755342846&flowEntry=ServiceLogin&flowName=GlifWebSignIn&ifkv=Ac50bxsZXlGFyiu0mCAKwpCk29YJ4i_f3_yc7xU8Vf6kyQjiqeFhRymJzcVrlAb0jkBIP_0sS1D8Vg:0
[ 2540006ms] [WARNING] Attempt to display unsupported field  @ https://www.gstatic.com/devrel-devsite/prod/v303cfab58e2ecfbd382191434137bc118fc92bc795e9241c9d005d07c4d0550a/firebase/js/devsite_app_custom_elements_module__ko.js:1958
[ 2540183ms] [WARNING] Attempt to display unsupported field  @ https://www.gstatic.com/devrel-devsite/prod/v303cfab58e2ecfbd382191434137bc118fc92bc795e9241c9d005d07c4d0550a/firebase/js/devsite_app_custom_elements_module__ko.js:1958
[ 2540212ms] [WARNING] Attempt to display unsupported field  @ https://www.gstatic.com/devrel-devsite/prod/v303cfab58e2ecfbd382191434137bc118fc92bc795e9241c9d005d07c4d0550a/firebase/js/devsite_app_custom_elements_module__ko.js:1958
[ 2541754ms] Uncaught (in promise) NotSupportedError: Failed to get a ServiceWorkerRegistration: The user denied permission to use Service Worker.
    at register (https://www.gstatic.com/devrel-devsite/prod/v303cfab58e2ecfbd382191434137bc118fc92bc795e9241c9d005d07c4d0550a/firebase/js/devsite_app_module__ko.js:202:484)
[ 2544040ms] [ERROR] Failed to load resource: the server responded with a status of 503 (Service Unavailable) @ https://cgc-ui-boq-autopush.corp.google.com/__/pingz?hl=ko&platform=devsite&page=%2F:0
[ 2552673ms] [ERROR] Failed to load resource: the server responded with a status of 404 () @ https://cloudusersettings-pa.clients6.google.com/v1alpha1/settings/FIREBASE_PROMOS_DISMISSED_UNTIL?key.subkey=mfa_conformance_banner_2024_12_21&alt=json&key=AIzaSyDovLKo3djdRbs963vqKdbj-geRWyzMTrg:0
[ 2552673ms] [ERROR] Failed to load resource: the server responded with a status of 404 () @ https://cloudusersettings-pa.clients6.google.com/v1alpha1/settings/SHELL_STARS_GLOBAL?key.subkey=PROJECT&key=AIzaSyDovLKo3djdRbs963vqKdbj-geRWyzMTrg&alt=json:0
[ 2552673ms] [ERROR] Failed to load resource: the server responded with a status of 404 () @ https://cloudusersettings-pa.clients6.google.com/v1alpha1/settings/SHELL_STARS_GLOBAL?key.subkey=FIREBASE_STUDIO_WORKSPACE&alt=json&key=AIzaSyDovLKo3djdRbs963vqKdbj-geRWyzMTrg:0
[ 2552712ms] [ERROR] Failed to load resource: the server responded with a status of 404 () @ https://cloudusersettings-pa.clients6.google.com/v1alpha1/settings/SHELL_STARS_GLOBAL?key.subkey=PROJECT&alt=json&key=AIzaSyDovLKo3djdRbs963vqKdbj-geRWyzMTrg:0
[ 2553939ms] [ERROR] Failed to load resource: the server responded with a status of 403 () @ https://cloudresourcemanager.clients6.google.com/$rpc/google.cloud.resourcemanager.v3.Projects/GetProject:0
[ 2559116ms] [WARNING] No ID or name found in config. @ https://www.gstatic.com/_/fireconsole/_/js/k=fireconsole.ngh.ko.nytLnkRigMI.2018.O/am=BIgAJyYcBA/d=1/dg=0/br=1/rs=AON9PukHe4a-bbSFTFzPa4WNWXawUQQzMA/m=b,landing_page_feature?wli=ngh.nKjUf3m3UEY.loadG3markFullWrapper.O%3A%3B:1657
[ 2652832ms] [ERROR] Failed to load resource: the server responded with a status of 404 () @ https://cloudusersettings-pa.clients6.google.com/v1alpha1/settings/FIREBASE_PROJECT_PROMOS_DISMISSED?key.projectId=131063519772&key.subkey=helios_paid_terms_acceptance_2024_11_12&alt=json&key=AIzaSyDovLKo3djdRbs963vqKdbj-geRWyzMTrg:0
[ 2652915ms] [ERROR] Failed to load resource: the server responded with a status of 404 () @ https://cloudusersettings-pa.clients6.google.com/v1alpha1/settings/FIREBASE_PROJECT_PROMOS_DISMISSED?key.projectId=131063519772&key.subkey=helios_terms_acceptance_2024_01_18&alt=json&key=AIzaSyDovLKo3djdRbs963vqKdbj-geRWyzMTrg:0
[ 2652923ms] [ERROR] Failed to load resource: the server responded with a status of 404 () @ https://cloudusersettings-pa.clients6.google.com/v1alpha1/settings/FIREBASE_CONSOLE_LEFT_NAV_EXPAND_COLLAPSE?key.subkey=SIDENAV_HORIZONTAL_EXPANDED&alt=json&key=AIzaSyDovLKo3djdRbs963vqKdbj-geRWyzMTrg:0
[ 2653248ms] [ERROR] Failed to load resource: the server responded with a status of 404 () @ https://cloudusersettings-pa.clients6.google.com/v1alpha1/settings/FIREBASE_CONSOLE_RECENT_PAGE_LINKS?key.projectId=routineapp-b19e3&alt=json&key=AIzaSyDovLKo3djdRbs963vqKdbj-geRWyzMTrg:0
[ 2654053ms] [ERROR] Failed to load resource: the server responded with a status of 404 () @ https://cloudusersettings-pa.clients6.google.com/v1alpha1/settings/FIREBASE_CONSOLE_LEFT_NAV_EXPAND_COLLAPSE?key.subkey=SIDENAV_HORIZONTAL_EXPANDED&alt=json&key=AIzaSyDovLKo3djdRbs963vqKdbj-geRWyzMTrg:0
[ 2654171ms] [ERROR] Failed to load resource: the server responded with a status of 404 () @ https://cloudusersettings-pa.clients6.google.com/v1alpha1/settings/FIREBASE_PROJECT_HOME_PREFERENCES?key.projectId=131063519772&alt=json&key=AIzaSyDovLKo3djdRbs963vqKdbj-geRWyzMTrg:0
[ 2654297ms] [ERROR] Failed to load resource: the server responded with a status of 404 () @ https://cloudusersettings-pa.clients6.google.com/v1alpha1/settings/FIREBASE_PROMOS_DISMISSED?key.subkey=agent_skills_promo_banner_2026_02_26&alt=json&key=AIzaSyDovLKo3djdRbs963vqKdbj-geRWyzMTrg:0
[ 2654433ms] [ERROR] Failed to load resource: the server responded with a status of 404 () @ https://cloudusersettings-pa.clients6.google.com/v1alpha1/settings/FIREBASE_CONSOLE_RECENT_PAGE_LINKS?key.projectId=routineapp-b19e3&alt=json&key=AIzaSyDovLKo3djdRbs963vqKdbj-geRWyzMTrg:0
[ 2656621ms] [ERROR] Failed to load resource: the server responded with a status of 404 () @ https://cloudusersettings-pa.clients6.google.com/v1alpha1/settings/FIREBASE_PROJECT_PROMOS_DISMISSED?key.projectId=131063519772&key.subkey=storage_ift_shutdown_notice_4_2026_01_27&alt=json&key=AIzaSyDovLKo3djdRbs963vqKdbj-geRWyzMTrg:0
[ 2657967ms] [ERROR] Failed to load resource: the server responded with a status of 403 () @ https://firebasestorage.clients6.google.com/v1beta/projects/131063519772/defaultBucket?alt=json&key=AIzaSyDovLKo3djdRbs963vqKdbj-geRWyzMTrg:0
[ 2667928ms] [ERROR] Failed to load resource: the server responded with a status of 404 () @ https://cloudusersettings-pa.clients6.google.com/v1alpha1/settings/FIREBASE_PROMOS_DISMISSED?key.subkey=settings_general_link_out_gcp_2026_05_14&alt=json&key=AIzaSyDovLKo3djdRbs963vqKdbj-geRWyzMTrg:0
[ 2668150ms] [ERROR] Failed to load resource: the server responded with a status of 404 () @ https://fireconsole-pa.clients6.google.com/v1/brands/131063519772?alt=json&key=AIzaSyDovLKo3djdRbs963vqKdbj-geRWyzMTrg:0
[ 2670798ms] [ERROR] Failed to load resource: the server responded with a status of 403 () @ https://firebasestorage.clients6.google.com/v1beta/projects/131063519772/defaultBucket?alt=json&key=AIzaSyDovLKo3djdRbs963vqKdbj-geRWyzMTrg:0
[ 2737753ms] [ERROR] Failed to load resource: the server responded with a status of 404 () @ https://fireconsole-pa.clients6.google.com/v1/brands/131063519772?alt=json&key=AIzaSyDovLKo3djdRbs963vqKdbj-geRWyzMTrg:0
[ 2740281ms] [ERROR] Failed to load resource: the server responded with a status of 403 () @ https://firebasestorage.clients6.google.com/v1beta/projects/131063519772/defaultBucket?alt=json&key=AIzaSyDovLKo3djdRbs963vqKdbj-geRWyzMTrg:0
[ 2795880ms] [ERROR] Failed to load resource: the server responded with a status of 404 () @ https://identitytoolkit.clients6.google.com/v2/projects/routineapp-b19e3/config?alt=json&key=AIzaSyDovLKo3djdRbs963vqKdbj-geRWyzMTrg:0
[ 2795907ms] [ERROR] Failed to load resource: the server responded with a status of 404 () @ https://identitytoolkit.clients6.google.com/admin/v2/projects/routineapp-b19e3/inboundSamlConfigs?alt=json&key=AIzaSyDovLKo3djdRbs963vqKdbj-geRWyzMTrg:0
[ 2795908ms] [ERROR] Failed to load resource: the server responded with a status of 404 () @ https://identitytoolkit.clients6.google.com/admin/v2/projects/routineapp-b19e3/defaultSupportedIdpConfigs?alt=json&key=AIzaSyDovLKo3djdRbs963vqKdbj-geRWyzMTrg:0
[ 2796034ms] [ERROR] Failed to load resource: the server responded with a status of 404 () @ https://identitytoolkit.clients6.google.com/admin/v2/projects/routineapp-b19e3/oauthIdpConfigs?alt=json&key=AIzaSyDovLKo3djdRbs963vqKdbj-geRWyzMTrg:0
[ 2798816ms] [ERROR] Failed to load resource: the server responded with a status of 403 () @ https://firebasestorage.clients6.google.com/v1beta/projects/131063519772/defaultBucket?alt=json&key=AIzaSyDovLKo3djdRbs963vqKdbj-geRWyzMTrg:0
[ 2811430ms] [ERROR] Failed to load resource: the server responded with a status of 403 () @ https://firebasestorage.clients6.google.com/v1beta/projects/131063519772/defaultBucket?alt=json&key=AIzaSyDovLKo3djdRbs963vqKdbj-geRWyzMTrg:0
[ 3024300ms] [ERROR] Failed to load resource: the server responded with a status of 403 () @ https://firebasestorage.clients6.google.com/v1beta/projects/131063519772/defaultBucket?alt=json&key=AIzaSyDovLKo3djdRbs963vqKdbj-geRWyzMTrg:0
