[     399ms] [LOG] JQMIGRATE: Migrate is installed with logging active, version 3.4.0 @ https://a.slack-edge.com/bv1-13-br/rollup-core_required_libs.74a908cd0c361a51.min.js:128
[     629ms] [INFO] Jul-19 23:18:27.752 [BOOT] booted! pri:0 version:1784459475 start_ms:1784470707479 (273ms ago) @ https://a.slack-edge.com/bv1-13-br/modern.vendor.4a44bda80c5358ea.min.js:3720
[     631ms] [INFO] Jul-19 23:18:27.755 [TRACER] Tracing is not sampled by default for this session. @ https://a.slack-edge.com/bv1-13-br/modern.vendor.4a44bda80c5358ea.min.js:3720
[     632ms] [WARNING] Jul-19 23:18:27.756 Could not find node with selector '[data-js="action_app_support"]' - cannot track click for this element @ https://a.slack-edge.com/bv1-13-br/modern.vendor.4a44bda80c5358ea.min.js:3720
[     632ms] [WARNING] Jul-19 23:18:27.756 Could not find node with selector '[data-js="action_app_privacy"]' - cannot track click for this element @ https://a.slack-edge.com/bv1-13-br/modern.vendor.4a44bda80c5358ea.min.js:3720
[     632ms] [WARNING] Jul-19 23:18:27.756 Could not find node with selector '[data-js="action_report_app"]' - cannot track click for this element @ https://a.slack-edge.com/bv1-13-br/modern.vendor.4a44bda80c5358ea.min.js:3720
[    1381ms] [INFO] Jul-19 23:18:28.504 [INFO] running without a user @ https://a.slack-edge.com/bv1-13-br/modern.vendor.4a44bda80c5358ea.min.js:3720
[    1423ms] [INFO] Jul-19 23:18:28.546 [UFM-MEMBERS] (T09J1FBV3D0) requesting U09J1FBV3R8 (1) @ https://a.slack-edge.com/bv1-13-br/modern.vendor.4a44bda80c5358ea.min.js:3720
[    1424ms] [WARNING] Jul-19 23:18:28.547 TRACES You tried to get a team-specific tracer but didn’t provide enough context and are getting the generic tracer instead which is likely not what you want. @ https://a.slack-edge.com/bv1-13-br/modern.vendor.4a44bda80c5358ea.min.js:3720
[    1425ms] [WARNING] Jul-19 23:18:28.548 TRACES You tried to get a team-specific tracer but didn’t provide enough context and are getting the generic tracer instead which is likely not what you want. @ https://a.slack-edge.com/bv1-13-br/modern.vendor.4a44bda80c5358ea.min.js:3720
[    1425ms] [INFO] Jul-19 23:18:28.548 [API-Q] (T09J1FBV3D0) 1ba37faf-1784470708.547 api.getFlannelHttpUrl called with reason: client-needs-valid-flannel-url @ https://a.slack-edge.com/bv1-13-br/modern.vendor.4a44bda80c5358ea.min.js:3720
[    1425ms] [INFO] Jul-19 23:18:28.548 [API-Q] (T09J1FBV3D0) 1ba37faf-1784470708.547 api.getFlannelHttpUrl is ENQUEUED @ https://a.slack-edge.com/bv1-13-br/modern.vendor.4a44bda80c5358ea.min.js:3720
[    1425ms] [INFO] Jul-19 23:18:28.549 [UFM-TEAMS] (T09J1FBV3D0) requesting T09J1FBV3D0 (1) @ https://a.slack-edge.com/bv1-13-br/modern.vendor.4a44bda80c5358ea.min.js:3720
[    1425ms] [WARNING] Jul-19 23:18:28.549 TRACES You tried to get a team-specific tracer but didn’t provide enough context and are getting the generic tracer instead which is likely not what you want. @ https://a.slack-edge.com/bv1-13-br/modern.vendor.4a44bda80c5358ea.min.js:3720
[    1426ms] [WARNING] Jul-19 23:18:28.549 TRACES You tried to get a team-specific tracer but didn’t provide enough context and are getting the generic tracer instead which is likely not what you want. @ https://a.slack-edge.com/bv1-13-br/modern.vendor.4a44bda80c5358ea.min.js:3720
[    1426ms] [INFO] Jul-19 23:18:28.549 [API-Q] (T09J1FBV3D0) 1ba37faf-1784470708.549 team.info called with reason: UnknownFetchManager @ https://a.slack-edge.com/bv1-13-br/modern.vendor.4a44bda80c5358ea.min.js:3720
[    1426ms] [INFO] Jul-19 23:18:28.549 [API-Q] (T09J1FBV3D0) 1ba37faf-1784470708.549 team.info is ENQUEUED @ https://a.slack-edge.com/bv1-13-br/modern.vendor.4a44bda80c5358ea.min.js:3720
[    1427ms] [WARNING] Jul-19 23:18:28.550 TRACES You tried to get a team-specific tracer but didn’t provide enough context and are getting the generic tracer instead which is likely not what you want. @ https://a.slack-edge.com/bv1-13-br/modern.vendor.4a44bda80c5358ea.min.js:3720
[    1429ms] [WARNING] Jul-19 23:18:28.552 TRACES You tried to get a team-specific tracer but didn’t provide enough context and are getting the generic tracer instead which is likely not what you want. @ https://a.slack-edge.com/bv1-13-br/modern.vendor.4a44bda80c5358ea.min.js:3720
[    1429ms] [WARNING] Jul-19 23:18:28.553 TRACES You tried to get a team-specific tracer but didn’t provide enough context and are getting the generic tracer instead which is likely not what you want. @ https://a.slack-edge.com/bv1-13-br/modern.vendor.4a44bda80c5358ea.min.js:3720
[    1429ms] [INFO] Jul-19 23:18:28.553 [API-Q] (T09J1FBV3D0) 1ba37faf-1784470708.552 megaphone.notifications.list called with reason: load-megaphone-notification-data @ https://a.slack-edge.com/bv1-13-br/modern.vendor.4a44bda80c5358ea.min.js:3720
[    1429ms] [INFO] Jul-19 23:18:28.553 [API-Q] (T09J1FBV3D0) 1ba37faf-1784470708.552 megaphone.notifications.list is ENQUEUED @ https://a.slack-edge.com/bv1-13-br/modern.vendor.4a44bda80c5358ea.min.js:3720
[    1478ms] [INFO] Jul-19 23:18:28.601 [API-Q] (T09J1FBV3D0) 1ba37faf-1784470708.547 api.getFlannelHttpUrl is ACTIVE @ https://a.slack-edge.com/bv1-13-br/modern.vendor.4a44bda80c5358ea.min.js:3720
[    1478ms] [INFO] Jul-19 23:18:28.602 [API-Q] (T09J1FBV3D0) 1ba37faf-1784470708.549 team.info is ACTIVE @ https://a.slack-edge.com/bv1-13-br/modern.vendor.4a44bda80c5358ea.min.js:3720
[    1478ms] [INFO] Jul-19 23:18:28.602 [API-Q] (T09J1FBV3D0) 1ba37faf-1784470708.552 megaphone.notifications.list is ACTIVE @ https://a.slack-edge.com/bv1-13-br/modern.vendor.4a44bda80c5358ea.min.js:3720
[    1842ms] [INFO] Jul-19 23:18:28.965 [API-Q] (T09J1FBV3D0) 1ba37faf-1784470708.549 team.info is RESOLVED @ https://a.slack-edge.com/bv1-13-br/modern.vendor.4a44bda80c5358ea.min.js:3720
[    1842ms] [INFO] Jul-19 23:18:28.966 [UFM-TEAMS] (T09J1FBV3D0) received T09J1FBV3D0 (1) @ https://a.slack-edge.com/bv1-13-br/modern.vendor.4a44bda80c5358ea.min.js:3720
[    1844ms] [INFO] Jul-19 23:18:28.967 [API-Q] (T09J1FBV3D0) 1ba37faf-1784470708.547 api.getFlannelHttpUrl is RESOLVED @ https://a.slack-edge.com/bv1-13-br/modern.vendor.4a44bda80c5358ea.min.js:3720
[    1844ms] [WARNING] Jul-19 23:18:28.968 TRACES You tried to get a team-specific tracer but didn’t provide enough context and are getting the generic tracer instead which is likely not what you want. @ https://a.slack-edge.com/bv1-13-br/modern.vendor.4a44bda80c5358ea.min.js:3720
[    1844ms] [WARNING] Jul-19 23:18:28.968 TRACES You tried to get a team-specific tracer but didn’t provide enough context and are getting the generic tracer instead which is likely not what you want. @ https://a.slack-edge.com/bv1-13-br/modern.vendor.4a44bda80c5358ea.min.js:3720
[    1844ms] [INFO] Jul-19 23:18:28.968 [API-Q] (T09J1FBV3D0) noversion-1784470708.968 Flannel users/info called with reason: flannel-call:users/info @ https://a.slack-edge.com/bv1-13-br/modern.vendor.4a44bda80c5358ea.min.js:3720
[    1844ms] [INFO] Jul-19 23:18:28.968 [API-Q] (T09J1FBV3D0) noversion-1784470708.968 Flannel users/info is ENQUEUED @ https://a.slack-edge.com/bv1-13-br/modern.vendor.4a44bda80c5358ea.min.js:3720
[    1845ms] [INFO] Jul-19 23:18:28.968 [API-Q] (T09J1FBV3D0) noversion-1784470708.968 Flannel users/info is ACTIVE @ https://a.slack-edge.com/bv1-13-br/modern.vendor.4a44bda80c5358ea.min.js:3720
[    1871ms] [INFO] Jul-19 23:18:28.995 [API-Q] (T09J1FBV3D0) 1ba37faf-1784470708.552 megaphone.notifications.list is RESOLVED @ https://a.slack-edge.com/bv1-13-br/modern.vendor.4a44bda80c5358ea.min.js:3720
[    1996ms] TypeError: Cannot read properties of undefined (reading 'analytics')
    at afterConsentScripts (https://tsahead.slack.com/marketplace/A0F7XDUAZ--:216:12)
    at https://tsahead.slack.com/marketplace/A0F7XDUAZ--:286:3
    at https://cdn.cookielaw.org/scripttemplates/202604.2.0/otBannerSdk.js:7:108974
[    2335ms] [INFO] Jul-19 23:18:29.458 [API-Q] (T09J1FBV3D0) noversion-1784470708.968 Flannel users/info is RESOLVED @ https://a.slack-edge.com/bv1-13-br/modern.vendor.4a44bda80c5358ea.min.js:3720
[    2335ms] [INFO] Jul-19 23:18:29.459 [UFM-MEMBERS] (T09J1FBV3D0) received U09J1FBV3R8 (1) @ https://a.slack-edge.com/bv1-13-br/modern.vendor.4a44bda80c5358ea.min.js:3720
[    2829ms] [INFO] Jul-19 23:18:29.952 [WINDOW-UNLOADING] (T09J1FBV3D0) workspace handling window unloading event @ https://a.slack-edge.com/bv1-13-br/modern.vendor.4a44bda80c5358ea.min.js:3720
[    3187ms] [ERROR] Access to XMLHttpRequest at 'https://slack.com/clog/track/' from origin 'https://tsahead.slack.com' has been blocked by CORS policy: No 'Access-Control-Allow-Origin' header is present on the requested resource. @ https://tsahead.slack.com/marketplace/A0F7XDUAZ--:0
[    3187ms] [ERROR] Failed to load resource: net::ERR_FAILED @ https://slack.com/clog/track/:0
[    4951ms] [LOG] JQMIGRATE: Migrate is installed with logging active, version 3.4.0 @ https://a.slack-edge.com/bv1-13-br/rollup-core_required_libs.74a908cd0c361a51.min.js:128
[    5106ms] [INFO] Jul-19 23:18:32.229 [BOOT] booted! pri:0 version:1784459475 start_ms:1784470712066 (163ms ago) @ https://a.slack-edge.com/bv1-13-br/modern.vendor.4a44bda80c5358ea.min.js:3720
[    5108ms] [INFO] Jul-19 23:18:32.231 [TRACER] Tracing is not sampled by default for this session. @ https://a.slack-edge.com/bv1-13-br/modern.vendor.4a44bda80c5358ea.min.js:3720
[    5113ms] [WARNING] Error in Optanon wrapper, please review your code. TypeError: Cannot read properties of undefined (reading 'analytics') @ https://cdn.cookielaw.org/scripttemplates/202604.2.0/otBannerSdk.js:6
[    5114ms] [WARNING] Jul-19 23:18:32.238 TRACES You tried to get a team-specific tracer but didn’t provide enough context and are getting the generic tracer instead which is likely not what you want. @ https://a.slack-edge.com/bv1-13-br/modern.vendor.4a44bda80c5358ea.min.js:3720
[    5115ms] [WARNING] Jul-19 23:18:32.238 TRACES You tried to get a team-specific tracer but didn’t provide enough context and are getting the generic tracer instead which is likely not what you want. @ https://a.slack-edge.com/bv1-13-br/modern.vendor.4a44bda80c5358ea.min.js:3720
[    5115ms] [INFO] Jul-19 23:18:32.238 [API-Q] (T09J1FBV3D0) 1ba37faf-1784470712.238 client.boot called with reason: legacy-boot @ https://a.slack-edge.com/bv1-13-br/modern.vendor.4a44bda80c5358ea.min.js:3720
[    5115ms] [INFO] Jul-19 23:18:32.238 [API-Q] (T09J1FBV3D0) 1ba37faf-1784470712.238 client.boot is ENQUEUED @ https://a.slack-edge.com/bv1-13-br/modern.vendor.4a44bda80c5358ea.min.js:3720
[    5115ms] [INFO] Jul-19 23:18:32.238 [INFO] Starting non-incremental boot @ https://a.slack-edge.com/bv1-13-br/modern.vendor.4a44bda80c5358ea.min.js:3720
[    5190ms] [INFO] Jul-19 23:18:32.314 [API-Q] (T09J1FBV3D0) 1ba37faf-1784470712.238 client.boot is ACTIVE @ https://a.slack-edge.com/bv1-13-br/modern.vendor.4a44bda80c5358ea.min.js:3720
[    5594ms] [INFO] Jul-19 23:18:32.717 [API-Q] (T09J1FBV3D0) 1ba37faf-1784470712.238 client.boot is RESOLVED @ https://a.slack-edge.com/bv1-13-br/modern.vendor.4a44bda80c5358ea.min.js:3720
[    5626ms] [INFO] Jul-19 23:18:32.749 [EMOJI_TRANSLATION] Emoji translations and keywords loaded for ko-KR @ https://a.slack-edge.com/bv1-13-br/modern.vendor.4a44bda80c5358ea.min.js:3720
[    5626ms] [WARNING] Jul-19 23:18:32.749 TRACES You tried to get a team-specific tracer but didn’t provide enough context and are getting the generic tracer instead which is likely not what you want. @ https://a.slack-edge.com/bv1-13-br/modern.vendor.4a44bda80c5358ea.min.js:3720
[    5626ms] [WARNING] Jul-19 23:18:32.750 TRACES You tried to get a team-specific tracer but didn’t provide enough context and are getting the generic tracer instead which is likely not what you want. @ https://a.slack-edge.com/bv1-13-br/modern.vendor.4a44bda80c5358ea.min.js:3720
[    5626ms] [INFO] Jul-19 23:18:32.750 [API-Q] (T09J1FBV3D0) 1ba37faf-1784470712.750 users.prefs.get called with reason: fetch-frecency-prefs @ https://a.slack-edge.com/bv1-13-br/modern.vendor.4a44bda80c5358ea.min.js:3720
[    5626ms] [INFO] Jul-19 23:18:32.750 [API-Q] (T09J1FBV3D0) 1ba37faf-1784470712.750 users.prefs.get is ENQUEUED @ https://a.slack-edge.com/bv1-13-br/modern.vendor.4a44bda80c5358ea.min.js:3720
[    5627ms] [INFO] Jul-19 23:18:32.750 [API-Q] (T09J1FBV3D0) 1ba37faf-1784470712.750 users.prefs.get is ACTIVE @ https://a.slack-edge.com/bv1-13-br/modern.vendor.4a44bda80c5358ea.min.js:3720
[    5628ms] [INFO] Jul-19 23:18:32.751 [UFM-TEAMS] (T09J1FBV3D0) requesting T09J1FBV3D0 (1) @ https://a.slack-edge.com/bv1-13-br/modern.vendor.4a44bda80c5358ea.min.js:3720
[    5628ms] [INFO] Jul-19 23:18:32.752 [UFM-TEAMS] (T09J1FBV3D0) received T09J1FBV3D0 (1) @ https://a.slack-edge.com/bv1-13-br/modern.vendor.4a44bda80c5358ea.min.js:3720
[    5629ms] [INFO] Jul-19 23:18:32.752 [GS_REQUEST] (T09J1FBV3D0) received a user_change_subscribe_request call while we are not connected; deferring @ https://a.slack-edge.com/bv1-13-br/modern.vendor.4a44bda80c5358ea.min.js:3720
[    5629ms] [WARNING] Jul-19 23:18:32.753 TRACES You tried to get a team-specific tracer but didn’t provide enough context and are getting the generic tracer instead which is likely not what you want. @ https://a.slack-edge.com/bv1-13-br/modern.vendor.4a44bda80c5358ea.min.js:3720
[    5629ms] [WARNING] Jul-19 23:18:32.753 TRACES You tried to get a team-specific tracer but didn’t provide enough context and are getting the generic tracer instead which is likely not what you want. @ https://a.slack-edge.com/bv1-13-br/modern.vendor.4a44bda80c5358ea.min.js:3720
[    5629ms] [INFO] Jul-19 23:18:32.753 [API-Q] (T09J1FBV3D0) 1ba37faf-1784470712.753 api.getFlannelHttpUrl called with reason: client-needs-valid-flannel-url @ https://a.slack-edge.com/bv1-13-br/modern.vendor.4a44bda80c5358ea.min.js:3720
[    5629ms] [INFO] Jul-19 23:18:32.753 [API-Q] (T09J1FBV3D0) 1ba37faf-1784470712.753 api.getFlannelHttpUrl is ENQUEUED @ https://a.slack-edge.com/bv1-13-br/modern.vendor.4a44bda80c5358ea.min.js:3720
[    5630ms] [INFO] Jul-19 23:18:32.753 [API-Q] (T09J1FBV3D0) 1ba37faf-1784470712.753 api.getFlannelHttpUrl is ACTIVE @ https://a.slack-edge.com/bv1-13-br/modern.vendor.4a44bda80c5358ea.min.js:3720
[    5989ms] [INFO] Jul-19 23:18:33.112 [API-Q] (T09J1FBV3D0) 1ba37faf-1784470712.753 api.getFlannelHttpUrl is RESOLVED @ https://a.slack-edge.com/bv1-13-br/modern.vendor.4a44bda80c5358ea.min.js:3720
[    5990ms] [WARNING] Jul-19 23:18:33.113 TRACES You tried to get a team-specific tracer but didn’t provide enough context and are getting the generic tracer instead which is likely not what you want. @ https://a.slack-edge.com/bv1-13-br/modern.vendor.4a44bda80c5358ea.min.js:3720
[    5990ms] [WARNING] Jul-19 23:18:33.113 TRACES You tried to get a team-specific tracer but didn’t provide enough context and are getting the generic tracer instead which is likely not what you want. @ https://a.slack-edge.com/bv1-13-br/modern.vendor.4a44bda80c5358ea.min.js:3720
[    5990ms] [INFO] Jul-19 23:18:33.114 [API-Q] (T09J1FBV3D0) noversion-1784470713.113 Flannel users/info called with reason: flannel-call:users/info @ https://a.slack-edge.com/bv1-13-br/modern.vendor.4a44bda80c5358ea.min.js:3720
[    5990ms] [INFO] Jul-19 23:18:33.114 [API-Q] (T09J1FBV3D0) noversion-1784470713.113 Flannel users/info is ENQUEUED @ https://a.slack-edge.com/bv1-13-br/modern.vendor.4a44bda80c5358ea.min.js:3720
[    5990ms] [WARNING] Jul-19 23:18:33.114 TRACES You tried to get a team-specific tracer but didn’t provide enough context and are getting the generic tracer instead which is likely not what you want. @ https://a.slack-edge.com/bv1-13-br/modern.vendor.4a44bda80c5358ea.min.js:3720
[    5990ms] [WARNING] Jul-19 23:18:33.114 TRACES You tried to get a team-specific tracer but didn’t provide enough context and are getting the generic tracer instead which is likely not what you want. @ https://a.slack-edge.com/bv1-13-br/modern.vendor.4a44bda80c5358ea.min.js:3720
[    5990ms] [INFO] Jul-19 23:18:33.114 [API-Q] (T09J1FBV3D0) noversion-1784470713.114 Flannel users/search called with reason: flannel-call:users/search @ https://a.slack-edge.com/bv1-13-br/modern.vendor.4a44bda80c5358ea.min.js:3720
[    5990ms] [INFO] Jul-19 23:18:33.114 [API-Q] (T09J1FBV3D0) noversion-1784470713.114 Flannel users/search is ENQUEUED @ https://a.slack-edge.com/bv1-13-br/modern.vendor.4a44bda80c5358ea.min.js:3720
[    5991ms] [WARNING] Jul-19 23:18:33.114 TRACES You tried to get a team-specific tracer but didn’t provide enough context and are getting the generic tracer instead which is likely not what you want. @ https://a.slack-edge.com/bv1-13-br/modern.vendor.4a44bda80c5358ea.min.js:3720
[    5991ms] [WARNING] Jul-19 23:18:33.114 TRACES You tried to get a team-specific tracer but didn’t provide enough context and are getting the generic tracer instead which is likely not what you want. @ https://a.slack-edge.com/bv1-13-br/modern.vendor.4a44bda80c5358ea.min.js:3720
[    5991ms] [INFO] Jul-19 23:18:33.114 [API-Q] (T09J1FBV3D0) noversion-1784470713.114 Flannel channels/search called with reason: flannel-call:channels/search @ https://a.slack-edge.com/bv1-13-br/modern.vendor.4a44bda80c5358ea.min.js:3720
[    5991ms] [INFO] Jul-19 23:18:33.114 [API-Q] (T09J1FBV3D0) noversion-1784470713.114 Flannel channels/search is ENQUEUED @ https://a.slack-edge.com/bv1-13-br/modern.vendor.4a44bda80c5358ea.min.js:3720
[    5991ms] [INFO] Jul-19 23:18:33.115 [API-Q] (T09J1FBV3D0) noversion-1784470713.113 Flannel users/info is ACTIVE @ https://a.slack-edge.com/bv1-13-br/modern.vendor.4a44bda80c5358ea.min.js:3720
[    5991ms] [INFO] Jul-19 23:18:33.115 [API-Q] (T09J1FBV3D0) noversion-1784470713.114 Flannel users/search is ACTIVE @ https://a.slack-edge.com/bv1-13-br/modern.vendor.4a44bda80c5358ea.min.js:3720
[    5991ms] [INFO] Jul-19 23:18:33.115 [API-Q] (T09J1FBV3D0) noversion-1784470713.114 Flannel channels/search is ACTIVE @ https://a.slack-edge.com/bv1-13-br/modern.vendor.4a44bda80c5358ea.min.js:3720
[    5997ms] [INFO] Jul-19 23:18:33.120 [API-Q] (T09J1FBV3D0) 1ba37faf-1784470712.750 users.prefs.get is RESOLVED @ https://a.slack-edge.com/bv1-13-br/modern.vendor.4a44bda80c5358ea.min.js:3720
[    5998ms] [WARNING] Jul-19 23:18:33.122 TRACES You tried to get a team-specific tracer but didn’t provide enough context and are getting the generic tracer instead which is likely not what you want. @ https://a.slack-edge.com/bv1-13-br/modern.vendor.4a44bda80c5358ea.min.js:3720
[    5998ms] [WARNING] Jul-19 23:18:33.122 TRACES You tried to get a team-specific tracer but didn’t provide enough context and are getting the generic tracer instead which is likely not what you want. @ https://a.slack-edge.com/bv1-13-br/modern.vendor.4a44bda80c5358ea.min.js:3720
[    5998ms] [INFO] Jul-19 23:18:33.122 [API-Q] (T09J1FBV3D0) noversion-1784470713.122 Flannel emojis/info called with reason: flannel-call:emojis/info @ https://a.slack-edge.com/bv1-13-br/modern.vendor.4a44bda80c5358ea.min.js:3720
[    5999ms] [INFO] Jul-19 23:18:33.122 [API-Q] (T09J1FBV3D0) noversion-1784470713.122 Flannel emojis/info is ENQUEUED @ https://a.slack-edge.com/bv1-13-br/modern.vendor.4a44bda80c5358ea.min.js:3720
[    5999ms] [INFO] Jul-19 23:18:33.122 [API-Q] (T09J1FBV3D0) noversion-1784470713.122 Flannel emojis/info is ACTIVE @ https://a.slack-edge.com/bv1-13-br/modern.vendor.4a44bda80c5358ea.min.js:3720
[    6128ms] [INFO] Jul-19 23:18:33.252 [BOOT] Setting up emoji failed, trying to move forward anyway... @ https://a.slack-edge.com/bv1-13-br/modern.vendor.4a44bda80c5358ea.min.js:3720
[    6129ms] [INFO] Jul-19 23:18:33.252 [METRICS] Starting timers for metrics collection @ https://a.slack-edge.com/bv1-13-br/modern.vendor.4a44bda80c5358ea.min.js:3720
[    6129ms] [INFO] Jul-19 23:18:33.253 [BOOT] Finished first boot 1016 ms after DOM ready @ https://a.slack-edge.com/bv1-13-br/modern.vendor.4a44bda80c5358ea.min.js:3720
[    6203ms] [INFO] Jul-19 23:18:33.326 [API-Q] (T09J1FBV3D0) noversion-1784470713.122 Flannel emojis/info is RESOLVED @ https://a.slack-edge.com/bv1-13-br/modern.vendor.4a44bda80c5358ea.min.js:3720
[    6217ms] [INFO] Jul-19 23:18:33.340 [API-Q] (T09J1FBV3D0) noversion-1784470713.114 Flannel channels/search is RESOLVED @ https://a.slack-edge.com/bv1-13-br/modern.vendor.4a44bda80c5358ea.min.js:3720
[    6354ms] [INFO] Jul-19 23:18:33.478 [API-Q] (T09J1FBV3D0) noversion-1784470713.113 Flannel users/info is RESOLVED @ https://a.slack-edge.com/bv1-13-br/modern.vendor.4a44bda80c5358ea.min.js:3720
[    6359ms] [INFO] Jul-19 23:18:33.482 [API-Q] (T09J1FBV3D0) noversion-1784470713.114 Flannel users/search is RESOLVED @ https://a.slack-edge.com/bv1-13-br/modern.vendor.4a44bda80c5358ea.min.js:3720
[    9736ms] [WARNING] Jul-19 23:18:36.859 TRACES You tried to get a team-specific tracer but didn’t provide enough context and are getting the generic tracer instead which is likely not what you want. @ https://a.slack-edge.com/bv1-13-br/modern.vendor.4a44bda80c5358ea.min.js:3720
[    9736ms] [WARNING] Jul-19 23:18:36.860 TRACES You tried to get a team-specific tracer but didn’t provide enough context and are getting the generic tracer instead which is likely not what you want. @ https://a.slack-edge.com/bv1-13-br/modern.vendor.4a44bda80c5358ea.min.js:3720
[    9736ms] [WARNING] Jul-19 23:18:36.860 TRACES You tried to get a team-specific tracer but didn’t provide enough context and are getting the generic tracer instead which is likely not what you want. @ https://a.slack-edge.com/bv1-13-br/modern.vendor.4a44bda80c5358ea.min.js:3720
[    9737ms] [WARNING] Jul-19 23:18:36.860 TRACES You tried to get a team-specific tracer but didn’t provide enough context and are getting the generic tracer instead which is likely not what you want. @ https://a.slack-edge.com/bv1-13-br/modern.vendor.4a44bda80c5358ea.min.js:3720
[    9737ms] [INFO] Jul-19 23:18:36.860 [API-Q] (T09J1FBV3D0) noversion-1784470716.860 Flannel channels/info called with reason: flannel-call:channels/info @ https://a.slack-edge.com/bv1-13-br/modern.vendor.4a44bda80c5358ea.min.js:3720
[    9737ms] [INFO] Jul-19 23:18:36.860 [API-Q] (T09J1FBV3D0) noversion-1784470716.860 Flannel channels/info is ENQUEUED @ https://a.slack-edge.com/bv1-13-br/modern.vendor.4a44bda80c5358ea.min.js:3720
[    9737ms] [INFO] Jul-19 23:18:36.861 [API-Q] (T09J1FBV3D0) noversion-1784470716.860 Flannel channels/info is ACTIVE @ https://a.slack-edge.com/bv1-13-br/modern.vendor.4a44bda80c5358ea.min.js:3720
[    9787ms] [INFO] Jul-19 23:18:36.911 [API-Q] (T09J1FBV3D0) noversion-1784470716.860 Flannel channels/info is RESOLVED @ https://a.slack-edge.com/bv1-13-br/modern.vendor.4a44bda80c5358ea.min.js:3720
[   11113ms] [WARNING] Jul-19 23:18:38.236 TRACES You tried to get a team-specific tracer but didn’t provide enough context and are getting the generic tracer instead which is likely not what you want. @ https://a.slack-edge.com/bv1-13-br/modern.vendor.4a44bda80c5358ea.min.js:3720
[   11113ms] [WARNING] Jul-19 23:18:38.236 TRACES You tried to get a team-specific tracer but didn’t provide enough context and are getting the generic tracer instead which is likely not what you want. @ https://a.slack-edge.com/bv1-13-br/modern.vendor.4a44bda80c5358ea.min.js:3720
[   11113ms] [INFO] Jul-19 23:18:38.236 [API-Q] (T09J1FBV3D0) noversion-1784470718.236 Flannel users/search called with reason: flannel-call:users/search @ https://a.slack-edge.com/bv1-13-br/modern.vendor.4a44bda80c5358ea.min.js:3720
[   11113ms] [INFO] Jul-19 23:18:38.236 [API-Q] (T09J1FBV3D0) noversion-1784470718.236 Flannel users/search is ENQUEUED @ https://a.slack-edge.com/bv1-13-br/modern.vendor.4a44bda80c5358ea.min.js:3720
[   11113ms] [WARNING] Jul-19 23:18:38.237 TRACES You tried to get a team-specific tracer but didn’t provide enough context and are getting the generic tracer instead which is likely not what you want. @ https://a.slack-edge.com/bv1-13-br/modern.vendor.4a44bda80c5358ea.min.js:3720
[   11113ms] [WARNING] Jul-19 23:18:38.237 TRACES You tried to get a team-specific tracer but didn’t provide enough context and are getting the generic tracer instead which is likely not what you want. @ https://a.slack-edge.com/bv1-13-br/modern.vendor.4a44bda80c5358ea.min.js:3720
[   11113ms] [INFO] Jul-19 23:18:38.237 [API-Q] (T09J1FBV3D0) noversion-1784470718.237 Flannel channels/search called with reason: flannel-call:channels/search @ https://a.slack-edge.com/bv1-13-br/modern.vendor.4a44bda80c5358ea.min.js:3720
[   11113ms] [INFO] Jul-19 23:18:38.237 [API-Q] (T09J1FBV3D0) noversion-1784470718.237 Flannel channels/search is ENQUEUED @ https://a.slack-edge.com/bv1-13-br/modern.vendor.4a44bda80c5358ea.min.js:3720
[   11114ms] [INFO] Jul-19 23:18:38.237 [API-Q] (T09J1FBV3D0) noversion-1784470718.236 Flannel users/search is ACTIVE @ https://a.slack-edge.com/bv1-13-br/modern.vendor.4a44bda80c5358ea.min.js:3720
[   11114ms] [INFO] Jul-19 23:18:38.237 [API-Q] (T09J1FBV3D0) noversion-1784470718.237 Flannel channels/search is ACTIVE @ https://a.slack-edge.com/bv1-13-br/modern.vendor.4a44bda80c5358ea.min.js:3720
[   11231ms] [INFO] Jul-19 23:18:38.354 [API-Q] (T09J1FBV3D0) noversion-1784470718.236 Flannel users/search is RESOLVED @ https://a.slack-edge.com/bv1-13-br/modern.vendor.4a44bda80c5358ea.min.js:3720
[   11231ms] [INFO] Jul-19 23:18:38.355 [API-Q] (T09J1FBV3D0) noversion-1784470718.237 Flannel channels/search is RESOLVED @ https://a.slack-edge.com/bv1-13-br/modern.vendor.4a44bda80c5358ea.min.js:3720
[   11494ms] [WARNING] Jul-19 23:18:38.617 TRACES You tried to get a team-specific tracer but didn’t provide enough context and are getting the generic tracer instead which is likely not what you want. @ https://a.slack-edge.com/bv1-13-br/modern.vendor.4a44bda80c5358ea.min.js:3720
[   11494ms] [WARNING] Jul-19 23:18:38.618 TRACES You tried to get a team-specific tracer but didn’t provide enough context and are getting the generic tracer instead which is likely not what you want. @ https://a.slack-edge.com/bv1-13-br/modern.vendor.4a44bda80c5358ea.min.js:3720
[   11494ms] [INFO] Jul-19 23:18:38.618 [API-Q] (T09J1FBV3D0) noversion-1784470718.617 Flannel users/search called with reason: flannel-call:users/search @ https://a.slack-edge.com/bv1-13-br/modern.vendor.4a44bda80c5358ea.min.js:3720
[   11494ms] [INFO] Jul-19 23:18:38.618 [API-Q] (T09J1FBV3D0) noversion-1784470718.617 Flannel users/search is ENQUEUED @ https://a.slack-edge.com/bv1-13-br/modern.vendor.4a44bda80c5358ea.min.js:3720
[   11494ms] [WARNING] Jul-19 23:18:38.618 TRACES You tried to get a team-specific tracer but didn’t provide enough context and are getting the generic tracer instead which is likely not what you want. @ https://a.slack-edge.com/bv1-13-br/modern.vendor.4a44bda80c5358ea.min.js:3720
[   11495ms] [WARNING] Jul-19 23:18:38.618 TRACES You tried to get a team-specific tracer but didn’t provide enough context and are getting the generic tracer instead which is likely not what you want. @ https://a.slack-edge.com/bv1-13-br/modern.vendor.4a44bda80c5358ea.min.js:3720
[   11495ms] [INFO] Jul-19 23:18:38.618 [API-Q] (T09J1FBV3D0) noversion-1784470718.618 Flannel channels/search called with reason: flannel-call:channels/search @ https://a.slack-edge.com/bv1-13-br/modern.vendor.4a44bda80c5358ea.min.js:3720
[   11495ms] [INFO] Jul-19 23:18:38.618 [API-Q] (T09J1FBV3D0) noversion-1784470718.618 Flannel channels/search is ENQUEUED @ https://a.slack-edge.com/bv1-13-br/modern.vendor.4a44bda80c5358ea.min.js:3720
[   11495ms] [INFO] Jul-19 23:18:38.619 [API-Q] (T09J1FBV3D0) noversion-1784470718.617 Flannel users/search is ACTIVE @ https://a.slack-edge.com/bv1-13-br/modern.vendor.4a44bda80c5358ea.min.js:3720
[   11496ms] [INFO] Jul-19 23:18:38.619 [API-Q] (T09J1FBV3D0) noversion-1784470718.618 Flannel channels/search is ACTIVE @ https://a.slack-edge.com/bv1-13-br/modern.vendor.4a44bda80c5358ea.min.js:3720
[   11529ms] [WARNING] Jul-19 23:18:38.653 TRACES You tried to get a team-specific tracer but didn’t provide enough context and are getting the generic tracer instead which is likely not what you want. @ https://a.slack-edge.com/bv1-13-br/modern.vendor.4a44bda80c5358ea.min.js:3720
[   11529ms] [WARNING] Jul-19 23:18:38.653 TRACES You tried to get a team-specific tracer but didn’t provide enough context and are getting the generic tracer instead which is likely not what you want. @ https://a.slack-edge.com/bv1-13-br/modern.vendor.4a44bda80c5358ea.min.js:3720
[   11529ms] [INFO] Jul-19 23:18:38.653 [API-Q] (T09J1FBV3D0) noversion-1784470718.653 Flannel users/search called with reason: flannel-call:users/search @ https://a.slack-edge.com/bv1-13-br/modern.vendor.4a44bda80c5358ea.min.js:3720
[   11530ms] [INFO] Jul-19 23:18:38.653 [API-Q] (T09J1FBV3D0) noversion-1784470718.653 Flannel users/search is ENQUEUED @ https://a.slack-edge.com/bv1-13-br/modern.vendor.4a44bda80c5358ea.min.js:3720
[   11530ms] [WARNING] Jul-19 23:18:38.653 TRACES You tried to get a team-specific tracer but didn’t provide enough context and are getting the generic tracer instead which is likely not what you want. @ https://a.slack-edge.com/bv1-13-br/modern.vendor.4a44bda80c5358ea.min.js:3720
[   11530ms] [WARNING] Jul-19 23:18:38.653 TRACES You tried to get a team-specific tracer but didn’t provide enough context and are getting the generic tracer instead which is likely not what you want. @ https://a.slack-edge.com/bv1-13-br/modern.vendor.4a44bda80c5358ea.min.js:3720
[   11530ms] [INFO] Jul-19 23:18:38.653 [API-Q] (T09J1FBV3D0) noversion-1784470718.653 Flannel channels/search called with reason: flannel-call:channels/search @ https://a.slack-edge.com/bv1-13-br/modern.vendor.4a44bda80c5358ea.min.js:3720
[   11530ms] [INFO] Jul-19 23:18:38.653 [API-Q] (T09J1FBV3D0) noversion-1784470718.653 Flannel channels/search is ENQUEUED @ https://a.slack-edge.com/bv1-13-br/modern.vendor.4a44bda80c5358ea.min.js:3720
[   11530ms] [INFO] Jul-19 23:18:38.654 [API-Q] (T09J1FBV3D0) noversion-1784470718.653 Flannel users/search is ACTIVE @ https://a.slack-edge.com/bv1-13-br/modern.vendor.4a44bda80c5358ea.min.js:3720
[   11530ms] [INFO] Jul-19 23:18:38.654 [API-Q] (T09J1FBV3D0) noversion-1784470718.653 Flannel channels/search is ACTIVE @ https://a.slack-edge.com/bv1-13-br/modern.vendor.4a44bda80c5358ea.min.js:3720
[   11539ms] [INFO] Jul-19 23:18:38.662 [API-Q] (T09J1FBV3D0) noversion-1784470718.617 Flannel users/search is RESOLVED @ https://a.slack-edge.com/bv1-13-br/modern.vendor.4a44bda80c5358ea.min.js:3720
[   11546ms] [INFO] Jul-19 23:18:38.670 [API-Q] (T09J1FBV3D0) noversion-1784470718.618 Flannel channels/search is RESOLVED @ https://a.slack-edge.com/bv1-13-br/modern.vendor.4a44bda80c5358ea.min.js:3720
[   11571ms] [INFO] Jul-19 23:18:38.694 [API-Q] (T09J1FBV3D0) noversion-1784470718.653 Flannel users/search is RESOLVED @ https://a.slack-edge.com/bv1-13-br/modern.vendor.4a44bda80c5358ea.min.js:3720
[   11578ms] [INFO] Jul-19 23:18:38.702 [API-Q] (T09J1FBV3D0) noversion-1784470718.653 Flannel channels/search is RESOLVED @ https://a.slack-edge.com/bv1-13-br/modern.vendor.4a44bda80c5358ea.min.js:3720
[   12607ms] [WARNING] Jul-19 23:18:39.730 TRACES You tried to get a team-specific tracer but didn’t provide enough context and are getting the generic tracer instead which is likely not what you want. @ https://a.slack-edge.com/bv1-13-br/modern.vendor.4a44bda80c5358ea.min.js:3720
[   12608ms] [WARNING] Jul-19 23:18:39.731 TRACES You tried to get a team-specific tracer but didn’t provide enough context and are getting the generic tracer instead which is likely not what you want. @ https://a.slack-edge.com/bv1-13-br/modern.vendor.4a44bda80c5358ea.min.js:3720
[   12608ms] [INFO] Jul-19 23:18:39.731 [API-Q] (T09J1FBV3D0) noversion-1784470719.731 Flannel users/search called with reason: flannel-call:users/search @ https://a.slack-edge.com/bv1-13-br/modern.vendor.4a44bda80c5358ea.min.js:3720
[   12608ms] [INFO] Jul-19 23:18:39.731 [API-Q] (T09J1FBV3D0) noversion-1784470719.731 Flannel users/search is ENQUEUED @ https://a.slack-edge.com/bv1-13-br/modern.vendor.4a44bda80c5358ea.min.js:3720
[   12608ms] [WARNING] Jul-19 23:18:39.732 TRACES You tried to get a team-specific tracer but didn’t provide enough context and are getting the generic tracer instead which is likely not what you want. @ https://a.slack-edge.com/bv1-13-br/modern.vendor.4a44bda80c5358ea.min.js:3720
[   12608ms] [WARNING] Jul-19 23:18:39.732 TRACES You tried to get a team-specific tracer but didn’t provide enough context and are getting the generic tracer instead which is likely not what you want. @ https://a.slack-edge.com/bv1-13-br/modern.vendor.4a44bda80c5358ea.min.js:3720
[   12608ms] [INFO] Jul-19 23:18:39.732 [API-Q] (T09J1FBV3D0) noversion-1784470719.732 Flannel channels/search called with reason: flannel-call:channels/search @ https://a.slack-edge.com/bv1-13-br/modern.vendor.4a44bda80c5358ea.min.js:3720
[   12609ms] [INFO] Jul-19 23:18:39.732 [API-Q] (T09J1FBV3D0) noversion-1784470719.732 Flannel channels/search is ENQUEUED @ https://a.slack-edge.com/bv1-13-br/modern.vendor.4a44bda80c5358ea.min.js:3720
[   12609ms] [INFO] Jul-19 23:18:39.733 [API-Q] (T09J1FBV3D0) noversion-1784470719.731 Flannel users/search is ACTIVE @ https://a.slack-edge.com/bv1-13-br/modern.vendor.4a44bda80c5358ea.min.js:3720
[   12610ms] [INFO] Jul-19 23:18:39.733 [API-Q] (T09J1FBV3D0) noversion-1784470719.732 Flannel channels/search is ACTIVE @ https://a.slack-edge.com/bv1-13-br/modern.vendor.4a44bda80c5358ea.min.js:3720
[   12653ms] [INFO] Jul-19 23:18:39.777 [API-Q] (T09J1FBV3D0) noversion-1784470719.731 Flannel users/search is RESOLVED @ https://a.slack-edge.com/bv1-13-br/modern.vendor.4a44bda80c5358ea.min.js:3720
[   12663ms] [INFO] Jul-19 23:18:39.786 [API-Q] (T09J1FBV3D0) noversion-1784470719.732 Flannel channels/search is RESOLVED @ https://a.slack-edge.com/bv1-13-br/modern.vendor.4a44bda80c5358ea.min.js:3720
[   12968ms] [WARNING] Jul-19 23:18:40.091 TRACES You tried to get a team-specific tracer but didn’t provide enough context and are getting the generic tracer instead which is likely not what you want. @ https://a.slack-edge.com/bv1-13-br/modern.vendor.4a44bda80c5358ea.min.js:3720
[   12968ms] [WARNING] Jul-19 23:18:40.091 TRACES You tried to get a team-specific tracer but didn’t provide enough context and are getting the generic tracer instead which is likely not what you want. @ https://a.slack-edge.com/bv1-13-br/modern.vendor.4a44bda80c5358ea.min.js:3720
[   12968ms] [INFO] Jul-19 23:18:40.092 [API-Q] (T09J1FBV3D0) noversion-1784470720.091 Flannel users/search called with reason: flannel-call:users/search @ https://a.slack-edge.com/bv1-13-br/modern.vendor.4a44bda80c5358ea.min.js:3720
[   12968ms] [INFO] Jul-19 23:18:40.092 [API-Q] (T09J1FBV3D0) noversion-1784470720.091 Flannel users/search is ENQUEUED @ https://a.slack-edge.com/bv1-13-br/modern.vendor.4a44bda80c5358ea.min.js:3720
[   12968ms] [WARNING] Jul-19 23:18:40.092 TRACES You tried to get a team-specific tracer but didn’t provide enough context and are getting the generic tracer instead which is likely not what you want. @ https://a.slack-edge.com/bv1-13-br/modern.vendor.4a44bda80c5358ea.min.js:3720
[   12968ms] [WARNING] Jul-19 23:18:40.092 TRACES You tried to get a team-specific tracer but didn’t provide enough context and are getting the generic tracer instead which is likely not what you want. @ https://a.slack-edge.com/bv1-13-br/modern.vendor.4a44bda80c5358ea.min.js:3720
[   12968ms] [INFO] Jul-19 23:18:40.092 [API-Q] (T09J1FBV3D0) noversion-1784470720.092 Flannel channels/search called with reason: flannel-call:channels/search @ https://a.slack-edge.com/bv1-13-br/modern.vendor.4a44bda80c5358ea.min.js:3720
[   12968ms] [INFO] Jul-19 23:18:40.092 [API-Q] (T09J1FBV3D0) noversion-1784470720.092 Flannel channels/search is ENQUEUED @ https://a.slack-edge.com/bv1-13-br/modern.vendor.4a44bda80c5358ea.min.js:3720
[   12969ms] [INFO] Jul-19 23:18:40.092 [API-Q] (T09J1FBV3D0) noversion-1784470720.091 Flannel users/search is ACTIVE @ https://a.slack-edge.com/bv1-13-br/modern.vendor.4a44bda80c5358ea.min.js:3720
[   12969ms] [INFO] Jul-19 23:18:40.092 [API-Q] (T09J1FBV3D0) noversion-1784470720.092 Flannel channels/search is ACTIVE @ https://a.slack-edge.com/bv1-13-br/modern.vendor.4a44bda80c5358ea.min.js:3720
[   13011ms] [INFO] Jul-19 23:18:40.135 [API-Q] (T09J1FBV3D0) noversion-1784470720.091 Flannel users/search is RESOLVED @ https://a.slack-edge.com/bv1-13-br/modern.vendor.4a44bda80c5358ea.min.js:3720
[   13018ms] [INFO] Jul-19 23:18:40.142 [API-Q] (T09J1FBV3D0) noversion-1784470720.092 Flannel channels/search is RESOLVED @ https://a.slack-edge.com/bv1-13-br/modern.vendor.4a44bda80c5358ea.min.js:3720
[   14500ms] [WARNING] Jul-19 23:18:41.623 TRACES You tried to get a team-specific tracer but didn’t provide enough context and are getting the generic tracer instead which is likely not what you want. @ https://a.slack-edge.com/bv1-13-br/modern.vendor.4a44bda80c5358ea.min.js:3720
[   14500ms] [WARNING] Jul-19 23:18:41.624 TRACES You tried to get a team-specific tracer but didn’t provide enough context and are getting the generic tracer instead which is likely not what you want. @ https://a.slack-edge.com/bv1-13-br/modern.vendor.4a44bda80c5358ea.min.js:3720
[   14501ms] [INFO] Jul-19 23:18:41.624 [API-Q] (T09J1FBV3D0) noversion-1784470721.624 Flannel users/search called with reason: flannel-call:users/search @ https://a.slack-edge.com/bv1-13-br/modern.vendor.4a44bda80c5358ea.min.js:3720
[   14501ms] [INFO] Jul-19 23:18:41.624 [API-Q] (T09J1FBV3D0) noversion-1784470721.624 Flannel users/search is ENQUEUED @ https://a.slack-edge.com/bv1-13-br/modern.vendor.4a44bda80c5358ea.min.js:3720
[   14501ms] [WARNING] Jul-19 23:18:41.624 TRACES You tried to get a team-specific tracer but didn’t provide enough context and are getting the generic tracer instead which is likely not what you want. @ https://a.slack-edge.com/bv1-13-br/modern.vendor.4a44bda80c5358ea.min.js:3720
[   14501ms] [WARNING] Jul-19 23:18:41.624 TRACES You tried to get a team-specific tracer but didn’t provide enough context and are getting the generic tracer instead which is likely not what you want. @ https://a.slack-edge.com/bv1-13-br/modern.vendor.4a44bda80c5358ea.min.js:3720
[   14501ms] [INFO] Jul-19 23:18:41.625 [API-Q] (T09J1FBV3D0) noversion-1784470721.624 Flannel channels/search called with reason: flannel-call:channels/search @ https://a.slack-edge.com/bv1-13-br/modern.vendor.4a44bda80c5358ea.min.js:3720
[   14501ms] [INFO] Jul-19 23:18:41.625 [API-Q] (T09J1FBV3D0) noversion-1784470721.624 Flannel channels/search is ENQUEUED @ https://a.slack-edge.com/bv1-13-br/modern.vendor.4a44bda80c5358ea.min.js:3720
[   14502ms] [INFO] Jul-19 23:18:41.625 [API-Q] (T09J1FBV3D0) noversion-1784470721.624 Flannel users/search is ACTIVE @ https://a.slack-edge.com/bv1-13-br/modern.vendor.4a44bda80c5358ea.min.js:3720
[   14502ms] [INFO] Jul-19 23:18:41.626 [API-Q] (T09J1FBV3D0) noversion-1784470721.624 Flannel channels/search is ACTIVE @ https://a.slack-edge.com/bv1-13-br/modern.vendor.4a44bda80c5358ea.min.js:3720
[   14592ms] [INFO] Jul-19 23:18:41.715 [API-Q] (T09J1FBV3D0) noversion-1784470721.624 Flannel users/search is RESOLVED @ https://a.slack-edge.com/bv1-13-br/modern.vendor.4a44bda80c5358ea.min.js:3720
[   14731ms] [INFO] Jul-19 23:18:41.854 [API-Q] (T09J1FBV3D0) noversion-1784470721.624 Flannel channels/search is RESOLVED @ https://a.slack-edge.com/bv1-13-br/modern.vendor.4a44bda80c5358ea.min.js:3720
[   16577ms] [WARNING] Jul-19 23:18:43.700 TRACES You tried to get a team-specific tracer but didn’t provide enough context and are getting the generic tracer instead which is likely not what you want. @ https://a.slack-edge.com/bv1-13-br/modern.vendor.4a44bda80c5358ea.min.js:3720
[   16577ms] [WARNING] Jul-19 23:18:43.700 TRACES You tried to get a team-specific tracer but didn’t provide enough context and are getting the generic tracer instead which is likely not what you want. @ https://a.slack-edge.com/bv1-13-br/modern.vendor.4a44bda80c5358ea.min.js:3720
[   16577ms] [INFO] Jul-19 23:18:43.700 [API-Q] (T09J1FBV3D0) noversion-1784470723.700 Flannel users/search called with reason: flannel-call:users/search @ https://a.slack-edge.com/bv1-13-br/modern.vendor.4a44bda80c5358ea.min.js:3720
[   16577ms] [INFO] Jul-19 23:18:43.700 [API-Q] (T09J1FBV3D0) noversion-1784470723.700 Flannel users/search is ENQUEUED @ https://a.slack-edge.com/bv1-13-br/modern.vendor.4a44bda80c5358ea.min.js:3720
[   16577ms] [WARNING] Jul-19 23:18:43.700 TRACES You tried to get a team-specific tracer but didn’t provide enough context and are getting the generic tracer instead which is likely not what you want. @ https://a.slack-edge.com/bv1-13-br/modern.vendor.4a44bda80c5358ea.min.js:3720
[   16577ms] [WARNING] Jul-19 23:18:43.701 TRACES You tried to get a team-specific tracer but didn’t provide enough context and are getting the generic tracer instead which is likely not what you want. @ https://a.slack-edge.com/bv1-13-br/modern.vendor.4a44bda80c5358ea.min.js:3720
[   16577ms] [INFO] Jul-19 23:18:43.701 [API-Q] (T09J1FBV3D0) noversion-1784470723.701 Flannel channels/search called with reason: flannel-call:channels/search @ https://a.slack-edge.com/bv1-13-br/modern.vendor.4a44bda80c5358ea.min.js:3720
[   16577ms] [INFO] Jul-19 23:18:43.701 [API-Q] (T09J1FBV3D0) noversion-1784470723.701 Flannel channels/search is ENQUEUED @ https://a.slack-edge.com/bv1-13-br/modern.vendor.4a44bda80c5358ea.min.js:3720
[   16577ms] [INFO] Jul-19 23:18:43.701 [API-Q] (T09J1FBV3D0) noversion-1784470723.700 Flannel users/search is ACTIVE @ https://a.slack-edge.com/bv1-13-br/modern.vendor.4a44bda80c5358ea.min.js:3720
[   16578ms] [INFO] Jul-19 23:18:43.701 [API-Q] (T09J1FBV3D0) noversion-1784470723.701 Flannel channels/search is ACTIVE @ https://a.slack-edge.com/bv1-13-br/modern.vendor.4a44bda80c5358ea.min.js:3720
[   16691ms] [INFO] Jul-19 23:18:43.814 [API-Q] (T09J1FBV3D0) noversion-1784470723.700 Flannel users/search is RESOLVED @ https://a.slack-edge.com/bv1-13-br/modern.vendor.4a44bda80c5358ea.min.js:3720
[   16828ms] [INFO] Jul-19 23:18:43.952 [API-Q] (T09J1FBV3D0) noversion-1784470723.701 Flannel channels/search is RESOLVED @ https://a.slack-edge.com/bv1-13-br/modern.vendor.4a44bda80c5358ea.min.js:3720
[   20591ms] [WARNING] Jul-19 23:18:47.714 TRACES You tried to get a team-specific tracer but didn’t provide enough context and are getting the generic tracer instead which is likely not what you want. @ https://a.slack-edge.com/bv1-13-br/modern.vendor.4a44bda80c5358ea.min.js:3720
[   20591ms] [WARNING] Jul-19 23:18:47.715 TRACES You tried to get a team-specific tracer but didn’t provide enough context and are getting the generic tracer instead which is likely not what you want. @ https://a.slack-edge.com/bv1-13-br/modern.vendor.4a44bda80c5358ea.min.js:3720
[   20591ms] [INFO] Jul-19 23:18:47.715 [API-Q] (T09J1FBV3D0) noversion-1784470727.714 Flannel users/search called with reason: flannel-call:users/search @ https://a.slack-edge.com/bv1-13-br/modern.vendor.4a44bda80c5358ea.min.js:3720
[   20591ms] [INFO] Jul-19 23:18:47.715 [API-Q] (T09J1FBV3D0) noversion-1784470727.714 Flannel users/search is ENQUEUED @ https://a.slack-edge.com/bv1-13-br/modern.vendor.4a44bda80c5358ea.min.js:3720
[   20591ms] [WARNING] Jul-19 23:18:47.715 TRACES You tried to get a team-specific tracer but didn’t provide enough context and are getting the generic tracer instead which is likely not what you want. @ https://a.slack-edge.com/bv1-13-br/modern.vendor.4a44bda80c5358ea.min.js:3720
[   20591ms] [WARNING] Jul-19 23:18:47.715 TRACES You tried to get a team-specific tracer but didn’t provide enough context and are getting the generic tracer instead which is likely not what you want. @ https://a.slack-edge.com/bv1-13-br/modern.vendor.4a44bda80c5358ea.min.js:3720
[   20591ms] [INFO] Jul-19 23:18:47.715 [API-Q] (T09J1FBV3D0) noversion-1784470727.715 Flannel channels/search called with reason: flannel-call:channels/search @ https://a.slack-edge.com/bv1-13-br/modern.vendor.4a44bda80c5358ea.min.js:3720
[   20591ms] [INFO] Jul-19 23:18:47.715 [API-Q] (T09J1FBV3D0) noversion-1784470727.715 Flannel channels/search is ENQUEUED @ https://a.slack-edge.com/bv1-13-br/modern.vendor.4a44bda80c5358ea.min.js:3720
[   20592ms] [INFO] Jul-19 23:18:47.715 [API-Q] (T09J1FBV3D0) noversion-1784470727.714 Flannel users/search is ACTIVE @ https://a.slack-edge.com/bv1-13-br/modern.vendor.4a44bda80c5358ea.min.js:3720
[   20592ms] [INFO] Jul-19 23:18:47.715 [API-Q] (T09J1FBV3D0) noversion-1784470727.715 Flannel channels/search is ACTIVE @ https://a.slack-edge.com/bv1-13-br/modern.vendor.4a44bda80c5358ea.min.js:3720
[   20705ms] [INFO] Jul-19 23:18:47.828 [API-Q] (T09J1FBV3D0) noversion-1784470727.714 Flannel users/search is RESOLVED @ https://a.slack-edge.com/bv1-13-br/modern.vendor.4a44bda80c5358ea.min.js:3720
[   20712ms] [INFO] Jul-19 23:18:47.835 [API-Q] (T09J1FBV3D0) noversion-1784470727.715 Flannel channels/search is RESOLVED @ https://a.slack-edge.com/bv1-13-br/modern.vendor.4a44bda80c5358ea.min.js:3720
[   20994ms] [WARNING] Jul-19 23:18:48.117 TRACES You tried to get a team-specific tracer but didn’t provide enough context and are getting the generic tracer instead which is likely not what you want. @ https://a.slack-edge.com/bv1-13-br/modern.vendor.4a44bda80c5358ea.min.js:3720
[   20994ms] [WARNING] Jul-19 23:18:48.118 TRACES You tried to get a team-specific tracer but didn’t provide enough context and are getting the generic tracer instead which is likely not what you want. @ https://a.slack-edge.com/bv1-13-br/modern.vendor.4a44bda80c5358ea.min.js:3720
[   20994ms] [INFO] Jul-19 23:18:48.118 [API-Q] (T09J1FBV3D0) noversion-1784470728.117 Flannel users/search called with reason: flannel-call:users/search @ https://a.slack-edge.com/bv1-13-br/modern.vendor.4a44bda80c5358ea.min.js:3720
[   20994ms] [INFO] Jul-19 23:18:48.118 [API-Q] (T09J1FBV3D0) noversion-1784470728.117 Flannel users/search is ENQUEUED @ https://a.slack-edge.com/bv1-13-br/modern.vendor.4a44bda80c5358ea.min.js:3720
[   20994ms] [WARNING] Jul-19 23:18:48.118 TRACES You tried to get a team-specific tracer but didn’t provide enough context and are getting the generic tracer instead which is likely not what you want. @ https://a.slack-edge.com/bv1-13-br/modern.vendor.4a44bda80c5358ea.min.js:3720
[   20994ms] [WARNING] Jul-19 23:18:48.118 TRACES You tried to get a team-specific tracer but didn’t provide enough context and are getting the generic tracer instead which is likely not what you want. @ https://a.slack-edge.com/bv1-13-br/modern.vendor.4a44bda80c5358ea.min.js:3720
[   20994ms] [INFO] Jul-19 23:18:48.118 [API-Q] (T09J1FBV3D0) noversion-1784470728.118 Flannel channels/search called with reason: flannel-call:channels/search @ https://a.slack-edge.com/bv1-13-br/modern.vendor.4a44bda80c5358ea.min.js:3720
[   20994ms] [INFO] Jul-19 23:18:48.118 [API-Q] (T09J1FBV3D0) noversion-1784470728.118 Flannel channels/search is ENQUEUED @ https://a.slack-edge.com/bv1-13-br/modern.vendor.4a44bda80c5358ea.min.js:3720
[   20995ms] [INFO] Jul-19 23:18:48.118 [API-Q] (T09J1FBV3D0) noversion-1784470728.117 Flannel users/search is ACTIVE @ https://a.slack-edge.com/bv1-13-br/modern.vendor.4a44bda80c5358ea.min.js:3720
[   20995ms] [INFO] Jul-19 23:18:48.118 [API-Q] (T09J1FBV3D0) noversion-1784470728.118 Flannel channels/search is ACTIVE @ https://a.slack-edge.com/bv1-13-br/modern.vendor.4a44bda80c5358ea.min.js:3720
[   21192ms] [INFO] Jul-19 23:18:48.316 [API-Q] (T09J1FBV3D0) noversion-1784470728.117 Flannel users/search is RESOLVED @ https://a.slack-edge.com/bv1-13-br/modern.vendor.4a44bda80c5358ea.min.js:3720
[   21196ms] [INFO] Jul-19 23:18:48.319 [API-Q] (T09J1FBV3D0) noversion-1784470728.118 Flannel channels/search is RESOLVED @ https://a.slack-edge.com/bv1-13-br/modern.vendor.4a44bda80c5358ea.min.js:3720
[   21390ms] [WARNING] Jul-19 23:18:48.514 TRACES You tried to get a team-specific tracer but didn’t provide enough context and are getting the generic tracer instead which is likely not what you want. @ https://a.slack-edge.com/bv1-13-br/modern.vendor.4a44bda80c5358ea.min.js:3720
[   21391ms] [WARNING] Jul-19 23:18:48.514 TRACES You tried to get a team-specific tracer but didn’t provide enough context and are getting the generic tracer instead which is likely not what you want. @ https://a.slack-edge.com/bv1-13-br/modern.vendor.4a44bda80c5358ea.min.js:3720
[   21391ms] [INFO] Jul-19 23:18:48.514 [API-Q] (T09J1FBV3D0) noversion-1784470728.514 Flannel users/search called with reason: flannel-call:users/search @ https://a.slack-edge.com/bv1-13-br/modern.vendor.4a44bda80c5358ea.min.js:3720
[   21391ms] [INFO] Jul-19 23:18:48.514 [API-Q] (T09J1FBV3D0) noversion-1784470728.514 Flannel users/search is ENQUEUED @ https://a.slack-edge.com/bv1-13-br/modern.vendor.4a44bda80c5358ea.min.js:3720
[   21391ms] [WARNING] Jul-19 23:18:48.514 TRACES You tried to get a team-specific tracer but didn’t provide enough context and are getting the generic tracer instead which is likely not what you want. @ https://a.slack-edge.com/bv1-13-br/modern.vendor.4a44bda80c5358ea.min.js:3720
[   21391ms] [WARNING] Jul-19 23:18:48.514 TRACES You tried to get a team-specific tracer but didn’t provide enough context and are getting the generic tracer instead which is likely not what you want. @ https://a.slack-edge.com/bv1-13-br/modern.vendor.4a44bda80c5358ea.min.js:3720
[   21391ms] [INFO] Jul-19 23:18:48.514 [API-Q] (T09J1FBV3D0) noversion-1784470728.514 Flannel channels/search called with reason: flannel-call:channels/search @ https://a.slack-edge.com/bv1-13-br/modern.vendor.4a44bda80c5358ea.min.js:3720
[   21391ms] [INFO] Jul-19 23:18:48.514 [API-Q] (T09J1FBV3D0) noversion-1784470728.514 Flannel channels/search is ENQUEUED @ https://a.slack-edge.com/bv1-13-br/modern.vendor.4a44bda80c5358ea.min.js:3720
[   21391ms] [INFO] Jul-19 23:18:48.515 [API-Q] (T09J1FBV3D0) noversion-1784470728.514 Flannel users/search is ACTIVE @ https://a.slack-edge.com/bv1-13-br/modern.vendor.4a44bda80c5358ea.min.js:3720
[   21391ms] [INFO] Jul-19 23:18:48.515 [API-Q] (T09J1FBV3D0) noversion-1784470728.514 Flannel channels/search is ACTIVE @ https://a.slack-edge.com/bv1-13-br/modern.vendor.4a44bda80c5358ea.min.js:3720
[   21460ms] [INFO] Jul-19 23:18:48.583 [API-Q] (T09J1FBV3D0) noversion-1784470728.514 Flannel channels/search is RESOLVED @ https://a.slack-edge.com/bv1-13-br/modern.vendor.4a44bda80c5358ea.min.js:3720
[   21460ms] [INFO] Jul-19 23:18:48.584 [API-Q] (T09J1FBV3D0) noversion-1784470728.514 Flannel users/search is RESOLVED @ https://a.slack-edge.com/bv1-13-br/modern.vendor.4a44bda80c5358ea.min.js:3720
[   23334ms] [WARNING] Jul-19 23:18:50.458 TRACES You tried to get a team-specific tracer but didn’t provide enough context and are getting the generic tracer instead which is likely not what you want. @ https://a.slack-edge.com/bv1-13-br/modern.vendor.4a44bda80c5358ea.min.js:3720
[   23335ms] [WARNING] Jul-19 23:18:50.458 TRACES You tried to get a team-specific tracer but didn’t provide enough context and are getting the generic tracer instead which is likely not what you want. @ https://a.slack-edge.com/bv1-13-br/modern.vendor.4a44bda80c5358ea.min.js:3720
[   23335ms] [INFO] Jul-19 23:18:50.458 [API-Q] (T09J1FBV3D0) noversion-1784470730.458 Flannel users/search called with reason: flannel-call:users/search @ https://a.slack-edge.com/bv1-13-br/modern.vendor.4a44bda80c5358ea.min.js:3720
[   23335ms] [INFO] Jul-19 23:18:50.458 [API-Q] (T09J1FBV3D0) noversion-1784470730.458 Flannel users/search is ENQUEUED @ https://a.slack-edge.com/bv1-13-br/modern.vendor.4a44bda80c5358ea.min.js:3720
[   23335ms] [WARNING] Jul-19 23:18:50.458 TRACES You tried to get a team-specific tracer but didn’t provide enough context and are getting the generic tracer instead which is likely not what you want. @ https://a.slack-edge.com/bv1-13-br/modern.vendor.4a44bda80c5358ea.min.js:3720
[   23335ms] [WARNING] Jul-19 23:18:50.459 TRACES You tried to get a team-specific tracer but didn’t provide enough context and are getting the generic tracer instead which is likely not what you want. @ https://a.slack-edge.com/bv1-13-br/modern.vendor.4a44bda80c5358ea.min.js:3720
[   23335ms] [INFO] Jul-19 23:18:50.459 [API-Q] (T09J1FBV3D0) noversion-1784470730.459 Flannel channels/search called with reason: flannel-call:channels/search @ https://a.slack-edge.com/bv1-13-br/modern.vendor.4a44bda80c5358ea.min.js:3720
[   23335ms] [INFO] Jul-19 23:18:50.459 [API-Q] (T09J1FBV3D0) noversion-1784470730.459 Flannel channels/search is ENQUEUED @ https://a.slack-edge.com/bv1-13-br/modern.vendor.4a44bda80c5358ea.min.js:3720
[   23336ms] [INFO] Jul-19 23:18:50.460 [API-Q] (T09J1FBV3D0) noversion-1784470730.458 Flannel users/search is ACTIVE @ https://a.slack-edge.com/bv1-13-br/modern.vendor.4a44bda80c5358ea.min.js:3720
[   23336ms] [INFO] Jul-19 23:18:50.460 [API-Q] (T09J1FBV3D0) noversion-1784470730.459 Flannel channels/search is ACTIVE @ https://a.slack-edge.com/bv1-13-br/modern.vendor.4a44bda80c5358ea.min.js:3720
[   23381ms] [INFO] Jul-19 23:18:50.505 [API-Q] (T09J1FBV3D0) noversion-1784470730.458 Flannel users/search is RESOLVED @ https://a.slack-edge.com/bv1-13-br/modern.vendor.4a44bda80c5358ea.min.js:3720
[   23389ms] [INFO] Jul-19 23:18:50.512 [API-Q] (T09J1FBV3D0) noversion-1784470730.459 Flannel channels/search is RESOLVED @ https://a.slack-edge.com/bv1-13-br/modern.vendor.4a44bda80c5358ea.min.js:3720
[   26074ms] [WARNING] Jul-19 23:18:53.198 TRACES You tried to get a team-specific tracer but didn’t provide enough context and are getting the generic tracer instead which is likely not what you want. @ https://a.slack-edge.com/bv1-13-br/modern.vendor.4a44bda80c5358ea.min.js:3720
[   26074ms] [WARNING] Jul-19 23:18:53.198 TRACES You tried to get a team-specific tracer but didn’t provide enough context and are getting the generic tracer instead which is likely not what you want. @ https://a.slack-edge.com/bv1-13-br/modern.vendor.4a44bda80c5358ea.min.js:3720
[   26075ms] [INFO] Jul-19 23:18:53.198 [API-Q] (T09J1FBV3D0) noversion-1784470733.198 Flannel users/search called with reason: flannel-call:users/search @ https://a.slack-edge.com/bv1-13-br/modern.vendor.4a44bda80c5358ea.min.js:3720
[   26075ms] [INFO] Jul-19 23:18:53.198 [API-Q] (T09J1FBV3D0) noversion-1784470733.198 Flannel users/search is ENQUEUED @ https://a.slack-edge.com/bv1-13-br/modern.vendor.4a44bda80c5358ea.min.js:3720
[   26075ms] [WARNING] Jul-19 23:18:53.198 TRACES You tried to get a team-specific tracer but didn’t provide enough context and are getting the generic tracer instead which is likely not what you want. @ https://a.slack-edge.com/bv1-13-br/modern.vendor.4a44bda80c5358ea.min.js:3720
[   26075ms] [WARNING] Jul-19 23:18:53.198 TRACES You tried to get a team-specific tracer but didn’t provide enough context and are getting the generic tracer instead which is likely not what you want. @ https://a.slack-edge.com/bv1-13-br/modern.vendor.4a44bda80c5358ea.min.js:3720
[   26075ms] [INFO] Jul-19 23:18:53.198 [API-Q] (T09J1FBV3D0) noversion-1784470733.198 Flannel channels/search called with reason: flannel-call:channels/search @ https://a.slack-edge.com/bv1-13-br/modern.vendor.4a44bda80c5358ea.min.js:3720
[   26075ms] [INFO] Jul-19 23:18:53.198 [API-Q] (T09J1FBV3D0) noversion-1784470733.198 Flannel channels/search is ENQUEUED @ https://a.slack-edge.com/bv1-13-br/modern.vendor.4a44bda80c5358ea.min.js:3720
[   26075ms] [INFO] Jul-19 23:18:53.198 [API-Q] (T09J1FBV3D0) noversion-1784470733.198 Flannel users/search is ACTIVE @ https://a.slack-edge.com/bv1-13-br/modern.vendor.4a44bda80c5358ea.min.js:3720
[   26075ms] [INFO] Jul-19 23:18:53.199 [API-Q] (T09J1FBV3D0) noversion-1784470733.198 Flannel channels/search is ACTIVE @ https://a.slack-edge.com/bv1-13-br/modern.vendor.4a44bda80c5358ea.min.js:3720
[   26119ms] [INFO] Jul-19 23:18:53.242 [API-Q] (T09J1FBV3D0) noversion-1784470733.198 Flannel users/search is RESOLVED @ https://a.slack-edge.com/bv1-13-br/modern.vendor.4a44bda80c5358ea.min.js:3720
[   26125ms] [INFO] Jul-19 23:18:53.249 [API-Q] (T09J1FBV3D0) noversion-1784470733.198 Flannel channels/search is RESOLVED @ https://a.slack-edge.com/bv1-13-br/modern.vendor.4a44bda80c5358ea.min.js:3720
[   27600ms] [WARNING] Jul-19 23:18:54.723 TRACES You tried to get a team-specific tracer but didn’t provide enough context and are getting the generic tracer instead which is likely not what you want. @ https://a.slack-edge.com/bv1-13-br/modern.vendor.4a44bda80c5358ea.min.js:3720
[   27600ms] [WARNING] Jul-19 23:18:54.724 TRACES You tried to get a team-specific tracer but didn’t provide enough context and are getting the generic tracer instead which is likely not what you want. @ https://a.slack-edge.com/bv1-13-br/modern.vendor.4a44bda80c5358ea.min.js:3720
[   27600ms] [INFO] Jul-19 23:18:54.724 [API-Q] (T09J1FBV3D0) noversion-1784470734.724 Flannel users/search called with reason: flannel-call:users/search @ https://a.slack-edge.com/bv1-13-br/modern.vendor.4a44bda80c5358ea.min.js:3720
[   27600ms] [INFO] Jul-19 23:18:54.724 [API-Q] (T09J1FBV3D0) noversion-1784470734.724 Flannel users/search is ENQUEUED @ https://a.slack-edge.com/bv1-13-br/modern.vendor.4a44bda80c5358ea.min.js:3720
[   27600ms] [WARNING] Jul-19 23:18:54.724 TRACES You tried to get a team-specific tracer but didn’t provide enough context and are getting the generic tracer instead which is likely not what you want. @ https://a.slack-edge.com/bv1-13-br/modern.vendor.4a44bda80c5358ea.min.js:3720
[   27600ms] [WARNING] Jul-19 23:18:54.724 TRACES You tried to get a team-specific tracer but didn’t provide enough context and are getting the generic tracer instead which is likely not what you want. @ https://a.slack-edge.com/bv1-13-br/modern.vendor.4a44bda80c5358ea.min.js:3720
[   27600ms] [INFO] Jul-19 23:18:54.724 [API-Q] (T09J1FBV3D0) noversion-1784470734.724 Flannel channels/search called with reason: flannel-call:channels/search @ https://a.slack-edge.com/bv1-13-br/modern.vendor.4a44bda80c5358ea.min.js:3720
[   27600ms] [INFO] Jul-19 23:18:54.724 [API-Q] (T09J1FBV3D0) noversion-1784470734.724 Flannel channels/search is ENQUEUED @ https://a.slack-edge.com/bv1-13-br/modern.vendor.4a44bda80c5358ea.min.js:3720
[   27601ms] [INFO] Jul-19 23:18:54.724 [API-Q] (T09J1FBV3D0) noversion-1784470734.724 Flannel users/search is ACTIVE @ https://a.slack-edge.com/bv1-13-br/modern.vendor.4a44bda80c5358ea.min.js:3720
[   27601ms] [INFO] Jul-19 23:18:54.724 [API-Q] (T09J1FBV3D0) noversion-1784470734.724 Flannel channels/search is ACTIVE @ https://a.slack-edge.com/bv1-13-br/modern.vendor.4a44bda80c5358ea.min.js:3720
[   27644ms] [INFO] Jul-19 23:18:54.767 [API-Q] (T09J1FBV3D0) noversion-1784470734.724 Flannel users/search is RESOLVED @ https://a.slack-edge.com/bv1-13-br/modern.vendor.4a44bda80c5358ea.min.js:3720
[   27657ms] [INFO] Jul-19 23:18:54.781 [API-Q] (T09J1FBV3D0) noversion-1784470734.724 Flannel channels/search is RESOLVED @ https://a.slack-edge.com/bv1-13-br/modern.vendor.4a44bda80c5358ea.min.js:3720
[   28097ms] [INFO] Jul-19 23:18:55.221 [WINDOW-UNLOADING] (T09J1FBV3D0) workspace handling window unloading event @ https://a.slack-edge.com/bv1-13-br/modern.vendor.4a44bda80c5358ea.min.js:3720
[   28097ms] [WARNING] Jul-19 23:18:55.221 Couldn't complete metrics measurement for start mark 'session_lifespan' @ https://a.slack-edge.com/bv1-13-br/modern.vendor.4a44bda80c5358ea.min.js:3720
[   28097ms] [WARNING] Jul-19 23:18:55.221 Couldn't complete metrics measurement for start mark 'session_lifespan' @ https://a.slack-edge.com/bv1-13-br/modern.vendor.4a44bda80c5358ea.min.js:3720
[   28532ms] [ERROR] Access to XMLHttpRequest at 'https://slack.com/clog/track/' from origin 'https://tsahead.slack.com' has been blocked by CORS policy: No 'Access-Control-Allow-Origin' header is present on the requested resource. @ https://tsahead.slack.com/marketplace/new/A0F7XDUAZ--:0
[   28532ms] [ERROR] Failed to load resource: net::ERR_FAILED @ https://slack.com/clog/track/:0
[   29621ms] [LOG] JQMIGRATE: Migrate is installed with logging active, version 3.4.0 @ https://a.slack-edge.com/bv1-13-br/rollup-core_required_libs.74a908cd0c361a51.min.js:128
[   29775ms] [INFO] Jul-19 23:18:56.898 [BOOT] booted! pri:0 version:1784459475 start_ms:1784470736734 (164ms ago) @ https://a.slack-edge.com/bv1-13-br/modern.vendor.4a44bda80c5358ea.min.js:3720
[   29777ms] [INFO] Jul-19 23:18:56.900 [TRACER] Tracing is sampled by default for this session. @ https://a.slack-edge.com/bv1-13-br/modern.vendor.4a44bda80c5358ea.min.js:3720
[   29783ms] [WARNING] Error in Optanon wrapper, please review your code. TypeError: Cannot read properties of undefined (reading 'analytics') @ https://cdn.cookielaw.org/scripttemplates/202604.2.0/otBannerSdk.js:6
[   29784ms] [WARNING] Jul-19 23:18:56.908 TRACES You tried to get a team-specific tracer but didn’t provide enough context and are getting the generic tracer instead which is likely not what you want. @ https://a.slack-edge.com/bv1-13-br/modern.vendor.4a44bda80c5358ea.min.js:3720
[   29785ms] [WARNING] Jul-19 23:18:56.909 TRACES You tried to get a team-specific tracer but didn’t provide enough context and are getting the generic tracer instead which is likely not what you want. @ https://a.slack-edge.com/bv1-13-br/modern.vendor.4a44bda80c5358ea.min.js:3720
[   29785ms] [INFO] Jul-19 23:18:56.909 [API-Q] (T09J1FBV3D0) 1ba37faf-1784470736.908 client.boot called with reason: legacy-boot @ https://a.slack-edge.com/bv1-13-br/modern.vendor.4a44bda80c5358ea.min.js:3720
[   29785ms] [INFO] Jul-19 23:18:56.909 [API-Q] (T09J1FBV3D0) 1ba37faf-1784470736.908 client.boot is ENQUEUED @ https://a.slack-edge.com/bv1-13-br/modern.vendor.4a44bda80c5358ea.min.js:3720
[   29785ms] [INFO] Jul-19 23:18:56.909 [INFO] Starting non-incremental boot @ https://a.slack-edge.com/bv1-13-br/modern.vendor.4a44bda80c5358ea.min.js:3720
[   29925ms] [INFO] Jul-19 23:18:57.048 [API-Q] (T09J1FBV3D0) 1ba37faf-1784470736.908 client.boot is ACTIVE @ https://a.slack-edge.com/bv1-13-br/modern.vendor.4a44bda80c5358ea.min.js:3720
[   30309ms] [INFO] Jul-19 23:18:57.433 [API-Q] (T09J1FBV3D0) 1ba37faf-1784470736.908 client.boot is RESOLVED @ https://a.slack-edge.com/bv1-13-br/modern.vendor.4a44bda80c5358ea.min.js:3720
[   30451ms] [INFO] Jul-19 23:18:57.574 [EMOJI_TRANSLATION] Emoji translations and keywords loaded for ko-KR @ https://a.slack-edge.com/bv1-13-br/modern.vendor.4a44bda80c5358ea.min.js:3720
[   30451ms] [WARNING] Jul-19 23:18:57.575 TRACES You tried to get a team-specific tracer but didn’t provide enough context and are getting the generic tracer instead which is likely not what you want. @ https://a.slack-edge.com/bv1-13-br/modern.vendor.4a44bda80c5358ea.min.js:3720
[   30451ms] [WARNING] Jul-19 23:18:57.575 TRACES You tried to get a team-specific tracer but didn’t provide enough context and are getting the generic tracer instead which is likely not what you want. @ https://a.slack-edge.com/bv1-13-br/modern.vendor.4a44bda80c5358ea.min.js:3720
[   30452ms] [INFO] Jul-19 23:18:57.575 [API-Q] (T09J1FBV3D0) 1ba37faf-1784470737.575 users.prefs.get called with reason: fetch-frecency-prefs @ https://a.slack-edge.com/bv1-13-br/modern.vendor.4a44bda80c5358ea.min.js:3720
[   30452ms] [INFO] Jul-19 23:18:57.575 [API-Q] (T09J1FBV3D0) 1ba37faf-1784470737.575 users.prefs.get is ENQUEUED @ https://a.slack-edge.com/bv1-13-br/modern.vendor.4a44bda80c5358ea.min.js:3720
[   30452ms] [INFO] Jul-19 23:18:57.575 [API-Q] (T09J1FBV3D0) 1ba37faf-1784470737.575 users.prefs.get is ACTIVE @ https://a.slack-edge.com/bv1-13-br/modern.vendor.4a44bda80c5358ea.min.js:3720
[   30453ms] [INFO] Jul-19 23:18:57.577 [UFM-TEAMS] (T09J1FBV3D0) requesting T09J1FBV3D0 (1) @ https://a.slack-edge.com/bv1-13-br/modern.vendor.4a44bda80c5358ea.min.js:3720
[   30453ms] [INFO] Jul-19 23:18:57.577 [UFM-TEAMS] (T09J1FBV3D0) received T09J1FBV3D0 (1) @ https://a.slack-edge.com/bv1-13-br/modern.vendor.4a44bda80c5358ea.min.js:3720
[   30455ms] [INFO] Jul-19 23:18:57.578 [GS_REQUEST] (T09J1FBV3D0) received a user_change_subscribe_request call while we are not connected; deferring @ https://a.slack-edge.com/bv1-13-br/modern.vendor.4a44bda80c5358ea.min.js:3720
[   30455ms] [WARNING] Jul-19 23:18:57.578 TRACES You tried to get a team-specific tracer but didn’t provide enough context and are getting the generic tracer instead which is likely not what you want. @ https://a.slack-edge.com/bv1-13-br/modern.vendor.4a44bda80c5358ea.min.js:3720
[   30455ms] [WARNING] Jul-19 23:18:57.578 TRACES You tried to get a team-specific tracer but didn’t provide enough context and are getting the generic tracer instead which is likely not what you want. @ https://a.slack-edge.com/bv1-13-br/modern.vendor.4a44bda80c5358ea.min.js:3720
[   30455ms] [INFO] Jul-19 23:18:57.578 [API-Q] (T09J1FBV3D0) 1ba37faf-1784470737.578 api.getFlannelHttpUrl called with reason: client-needs-valid-flannel-url @ https://a.slack-edge.com/bv1-13-br/modern.vendor.4a44bda80c5358ea.min.js:3720
[   30455ms] [INFO] Jul-19 23:18:57.579 [API-Q] (T09J1FBV3D0) 1ba37faf-1784470737.578 api.getFlannelHttpUrl is ENQUEUED @ https://a.slack-edge.com/bv1-13-br/modern.vendor.4a44bda80c5358ea.min.js:3720
[   30455ms] [INFO] Jul-19 23:18:57.579 [API-Q] (T09J1FBV3D0) 1ba37faf-1784470737.578 api.getFlannelHttpUrl is ACTIVE @ https://a.slack-edge.com/bv1-13-br/modern.vendor.4a44bda80c5358ea.min.js:3720
[   30479ms] [INFO] Jul-19 23:18:57.602 [UFM-CHANNELS] (T09J1FBV3D0) requesting C0BJ576JPH9 (1) @ https://a.slack-edge.com/bv1-13-br/modern.vendor.4a44bda80c5358ea.min.js:3720
[   30479ms] [WARNING] Jul-19 23:18:57.602 TRACES You tried to get a team-specific tracer but didn’t provide enough context and are getting the generic tracer instead which is likely not what you want. @ https://a.slack-edge.com/bv1-13-br/modern.vendor.4a44bda80c5358ea.min.js:3720
[   30808ms] [INFO] Jul-19 23:18:57.932 [API-Q] (T09J1FBV3D0) 1ba37faf-1784470737.575 users.prefs.get is RESOLVED @ https://a.slack-edge.com/bv1-13-br/modern.vendor.4a44bda80c5358ea.min.js:3720
[   30813ms] [INFO] Jul-19 23:18:57.937 [API-Q] (T09J1FBV3D0) 1ba37faf-1784470737.578 api.getFlannelHttpUrl is RESOLVED @ https://a.slack-edge.com/bv1-13-br/modern.vendor.4a44bda80c5358ea.min.js:3720
[   30814ms] [WARNING] Jul-19 23:18:57.937 TRACES You tried to get a team-specific tracer but didn’t provide enough context and are getting the generic tracer instead which is likely not what you want. @ https://a.slack-edge.com/bv1-13-br/modern.vendor.4a44bda80c5358ea.min.js:3720
[   30814ms] [WARNING] Jul-19 23:18:57.938 TRACES You tried to get a team-specific tracer but didn’t provide enough context and are getting the generic tracer instead which is likely not what you want. @ https://a.slack-edge.com/bv1-13-br/modern.vendor.4a44bda80c5358ea.min.js:3720
[   30814ms] [INFO] Jul-19 23:18:57.938 [API-Q] (T09J1FBV3D0) noversion-1784470737.937 Flannel users/info called with reason: flannel-call:users/info @ https://a.slack-edge.com/bv1-13-br/modern.vendor.4a44bda80c5358ea.min.js:3720
[   30814ms] [INFO] Jul-19 23:18:57.938 [API-Q] (T09J1FBV3D0) noversion-1784470737.937 Flannel users/info is ENQUEUED @ https://a.slack-edge.com/bv1-13-br/modern.vendor.4a44bda80c5358ea.min.js:3720
[   30814ms] [WARNING] Jul-19 23:18:57.938 TRACES You tried to get a team-specific tracer but didn’t provide enough context and are getting the generic tracer instead which is likely not what you want. @ https://a.slack-edge.com/bv1-13-br/modern.vendor.4a44bda80c5358ea.min.js:3720
[   30814ms] [WARNING] Jul-19 23:18:57.938 TRACES You tried to get a team-specific tracer but didn’t provide enough context and are getting the generic tracer instead which is likely not what you want. @ https://a.slack-edge.com/bv1-13-br/modern.vendor.4a44bda80c5358ea.min.js:3720
[   30814ms] [INFO] Jul-19 23:18:57.938 [API-Q] (T09J1FBV3D0) noversion-1784470737.938 Flannel channels/info called with reason: flannel-call:channels/info @ https://a.slack-edge.com/bv1-13-br/modern.vendor.4a44bda80c5358ea.min.js:3720
[   30814ms] [INFO] Jul-19 23:18:57.938 [API-Q] (T09J1FBV3D0) noversion-1784470737.938 Flannel channels/info is ENQUEUED @ https://a.slack-edge.com/bv1-13-br/modern.vendor.4a44bda80c5358ea.min.js:3720
[   30815ms] [WARNING] Jul-19 23:18:57.938 TRACES You tried to get a team-specific tracer but didn’t provide enough context and are getting the generic tracer instead which is likely not what you want. @ https://a.slack-edge.com/bv1-13-br/modern.vendor.4a44bda80c5358ea.min.js:3720
[   30815ms] [WARNING] Jul-19 23:18:57.938 TRACES You tried to get a team-specific tracer but didn’t provide enough context and are getting the generic tracer instead which is likely not what you want. @ https://a.slack-edge.com/bv1-13-br/modern.vendor.4a44bda80c5358ea.min.js:3720
[   30815ms] [INFO] Jul-19 23:18:57.938 [API-Q] (T09J1FBV3D0) noversion-1784470737.938 Flannel users/search called with reason: flannel-call:users/search @ https://a.slack-edge.com/bv1-13-br/modern.vendor.4a44bda80c5358ea.min.js:3720
[   30815ms] [INFO] Jul-19 23:18:57.938 [API-Q] (T09J1FBV3D0) noversion-1784470737.938 Flannel users/search is ENQUEUED @ https://a.slack-edge.com/bv1-13-br/modern.vendor.4a44bda80c5358ea.min.js:3720
[   30815ms] [WARNING] Jul-19 23:18:57.938 TRACES You tried to get a team-specific tracer but didn’t provide enough context and are getting the generic tracer instead which is likely not what you want. @ https://a.slack-edge.com/bv1-13-br/modern.vendor.4a44bda80c5358ea.min.js:3720
[   30815ms] [WARNING] Jul-19 23:18:57.938 TRACES You tried to get a team-specific tracer but didn’t provide enough context and are getting the generic tracer instead which is likely not what you want. @ https://a.slack-edge.com/bv1-13-br/modern.vendor.4a44bda80c5358ea.min.js:3720
[   30815ms] [INFO] Jul-19 23:18:57.938 [API-Q] (T09J1FBV3D0) noversion-1784470737.938 Flannel channels/search called with reason: flannel-call:channels/search @ https://a.slack-edge.com/bv1-13-br/modern.vendor.4a44bda80c5358ea.min.js:3720
[   30815ms] [INFO] Jul-19 23:18:57.938 [API-Q] (T09J1FBV3D0) noversion-1784470737.938 Flannel channels/search is ENQUEUED @ https://a.slack-edge.com/bv1-13-br/modern.vendor.4a44bda80c5358ea.min.js:3720
[   30815ms] [WARNING] Jul-19 23:18:57.938 TRACES You tried to get a team-specific tracer but didn’t provide enough context and are getting the generic tracer instead which is likely not what you want. @ https://a.slack-edge.com/bv1-13-br/modern.vendor.4a44bda80c5358ea.min.js:3720
[   30815ms] [WARNING] Jul-19 23:18:57.939 TRACES You tried to get a team-specific tracer but didn’t provide enough context and are getting the generic tracer instead which is likely not what you want. @ https://a.slack-edge.com/bv1-13-br/modern.vendor.4a44bda80c5358ea.min.js:3720
[   30815ms] [INFO] Jul-19 23:18:57.939 [API-Q] (T09J1FBV3D0) noversion-1784470737.939 Flannel emojis/info called with reason: flannel-call:emojis/info @ https://a.slack-edge.com/bv1-13-br/modern.vendor.4a44bda80c5358ea.min.js:3720
[   30815ms] [INFO] Jul-19 23:18:57.939 [API-Q] (T09J1FBV3D0) noversion-1784470737.939 Flannel emojis/info is ENQUEUED @ https://a.slack-edge.com/bv1-13-br/modern.vendor.4a44bda80c5358ea.min.js:3720
[   30816ms] [INFO] Jul-19 23:18:57.939 [API-Q] (T09J1FBV3D0) noversion-1784470737.937 Flannel users/info is ACTIVE @ https://a.slack-edge.com/bv1-13-br/modern.vendor.4a44bda80c5358ea.min.js:3720
[   30816ms] [INFO] Jul-19 23:18:57.939 [API-Q] (T09J1FBV3D0) noversion-1784470737.938 Flannel channels/info is ACTIVE @ https://a.slack-edge.com/bv1-13-br/modern.vendor.4a44bda80c5358ea.min.js:3720
[   30816ms] [INFO] Jul-19 23:18:57.939 [API-Q] (T09J1FBV3D0) noversion-1784470737.938 Flannel users/search is ACTIVE @ https://a.slack-edge.com/bv1-13-br/modern.vendor.4a44bda80c5358ea.min.js:3720
[   30816ms] [INFO] Jul-19 23:18:57.939 [API-Q] (T09J1FBV3D0) noversion-1784470737.938 Flannel channels/search is ACTIVE @ https://a.slack-edge.com/bv1-13-br/modern.vendor.4a44bda80c5358ea.min.js:3720
[   30816ms] [INFO] Jul-19 23:18:57.940 [API-Q] (T09J1FBV3D0) noversion-1784470737.939 Flannel emojis/info is ACTIVE @ https://a.slack-edge.com/bv1-13-br/modern.vendor.4a44bda80c5358ea.min.js:3720
[   30858ms] [INFO] Jul-19 23:18:57.981 [API-Q] (T09J1FBV3D0) noversion-1784470737.937 Flannel users/info is RESOLVED @ https://a.slack-edge.com/bv1-13-br/modern.vendor.4a44bda80c5358ea.min.js:3720
[   30862ms] [INFO] Jul-19 23:18:57.985 [API-Q] (T09J1FBV3D0) noversion-1784470737.938 Flannel users/search is RESOLVED @ https://a.slack-edge.com/bv1-13-br/modern.vendor.4a44bda80c5358ea.min.js:3720
[   30864ms] [INFO] Jul-19 23:18:57.987 [API-Q] (T09J1FBV3D0) noversion-1784470737.939 Flannel emojis/info is RESOLVED @ https://a.slack-edge.com/bv1-13-br/modern.vendor.4a44bda80c5358ea.min.js:3720
[   30864ms] [INFO] Jul-19 23:18:57.988 [METRICS] Starting timers for metrics collection @ https://a.slack-edge.com/bv1-13-br/modern.vendor.4a44bda80c5358ea.min.js:3720
[   30865ms] [INFO] Jul-19 23:18:57.988 [BOOT] Finished first boot 1081 ms after DOM ready @ https://a.slack-edge.com/bv1-13-br/modern.vendor.4a44bda80c5358ea.min.js:3720
[   30867ms] [INFO] Jul-19 23:18:57.990 [API-Q] (T09J1FBV3D0) noversion-1784470737.938 Flannel channels/info is RESOLVED @ https://a.slack-edge.com/bv1-13-br/modern.vendor.4a44bda80c5358ea.min.js:3720
[   30868ms] [INFO] Jul-19 23:18:57.991 [UFM-CHANNELS] (T09J1FBV3D0) received C0BJ576JPH9 (1) @ https://a.slack-edge.com/bv1-13-br/modern.vendor.4a44bda80c5358ea.min.js:3720
[   30877ms] [INFO] Jul-19 23:18:58.000 [API-Q] (T09J1FBV3D0) noversion-1784470737.938 Flannel channels/search is RESOLVED @ https://a.slack-edge.com/bv1-13-br/modern.vendor.4a44bda80c5358ea.min.js:3720
[   59995ms] TypeError: window.lintrk is not a function
    at <anonymous>:1:8
    at https://www.googletagmanager.com/gtm.js?id=GTM-KH2LPK:1100:429
    at oS (https://www.googletagmanager.com/gtm.js?id=GTM-KH2LPK:1102:31)
    at Ld.nS (https://www.googletagmanager.com/gtm.js?id=GTM-KH2LPK:1099:95)
    at Ld.<anonymous> (https://www.googletagmanager.com/gtm.js?id=GTM-KH2LPK:447:187)
    at k.apply (https://www.googletagmanager.com/gtm.js?id=GTM-KH2LPK:369:465)
    at hb (https://www.googletagmanager.com/gtm.js?id=GTM-KH2LPK:332:711)
    at gb (https://www.googletagmanager.com/gtm.js?id=GTM-KH2LPK:332:462)
    at Ld.<anonymous> (https://www.googletagmanager.com/gtm.js?id=GTM-KH2LPK:393:473)
    at k.apply (https://www.googletagmanager.com/gtm.js?id=GTM-KH2LPK:369:465)
    at hb (https://www.googletagmanager.com/gtm.js?id=GTM-KH2LPK:332:711)
    at k.Kq (https://www.googletagmanager.com/gtm.js?id=GTM-KH2LPK:332:1277)
    at tf (https://www.googletagmanager.com/gtm.js?id=GTM-KH2LPK:404:960)
    at https://www.googletagmanager.com/gtm.js?id=GTM-KH2LPK:905:7
    at Sz (https://www.googletagmanager.com/gtm.js?id=GTM-KH2LPK:774:1)
    at Zz.evaluate (https://www.googletagmanager.com/gtm.js?id=GTM-KH2LPK:779:289)
[   59995ms] TypeError: window.lintrk is not a function
    at <anonymous>:1:8
    at https://www.googletagmanager.com/gtm.js?id=GTM-KH2LPK:1100:429
    at oS (https://www.googletagmanager.com/gtm.js?id=GTM-KH2LPK:1102:31)
    at Ld.nS (https://www.googletagmanager.com/gtm.js?id=GTM-KH2LPK:1099:95)
    at Ld.<anonymous> (https://www.googletagmanager.com/gtm.js?id=GTM-KH2LPK:447:187)
    at k.apply (https://www.googletagmanager.com/gtm.js?id=GTM-KH2LPK:369:465)
    at hb (https://www.googletagmanager.com/gtm.js?id=GTM-KH2LPK:332:711)
    at gb (https://www.googletagmanager.com/gtm.js?id=GTM-KH2LPK:332:462)
    at Ld.<anonymous> (https://www.googletagmanager.com/gtm.js?id=GTM-KH2LPK:393:473)
    at k.apply (https://www.googletagmanager.com/gtm.js?id=GTM-KH2LPK:369:465)
    at hb (https://www.googletagmanager.com/gtm.js?id=GTM-KH2LPK:332:711)
    at k.Kq (https://www.googletagmanager.com/gtm.js?id=GTM-KH2LPK:332:1277)
    at tf (https://www.googletagmanager.com/gtm.js?id=GTM-KH2LPK:404:960)
    at https://www.googletagmanager.com/gtm.js?id=GTM-KH2LPK:905:7
    at Sz (https://www.googletagmanager.com/gtm.js?id=GTM-KH2LPK:774:1)
    at Zz.evaluate (https://www.googletagmanager.com/gtm.js?id=GTM-KH2LPK:779:289)
[   64216ms] [ERROR] Access to XMLHttpRequest at 'https://slack.com/clog/track/' from origin 'https://tsahead.slack.com' has been blocked by CORS policy: No 'Access-Control-Allow-Origin' header is present on the requested resource. @ https://tsahead.slack.com/services/B0BJF65A2CU?added=1:0
[   64216ms] [ERROR] Failed to load resource: net::ERR_FAILED @ https://slack.com/clog/track/:0
[   90456ms] [WARNING] Jul-19 23:19:57.580 TRACES You tried to get a team-specific tracer but didn’t provide enough context and are getting the generic tracer instead which is likely not what you want. @ https://a.slack-edge.com/bv1-13-br/modern.vendor.4a44bda80c5358ea.min.js:3720
[   90457ms] [INFO] Jul-19 23:19:57.581 [GS_REQUEST] (T09J1FBV3D0) received a user_change_subscribe_request call while we are not connected; deferring @ https://a.slack-edge.com/bv1-13-br/modern.vendor.4a44bda80c5358ea.min.js:3720
[   90457ms] [WARNING] Jul-19 23:19:57.581 TRACES You tried to get a team-specific tracer but didn’t provide enough context and are getting the generic tracer instead which is likely not what you want. @ https://a.slack-edge.com/bv1-13-br/modern.vendor.4a44bda80c5358ea.min.js:3720
[   90458ms] [WARNING] Jul-19 23:19:57.581 TRACES You tried to get a team-specific tracer but didn’t provide enough context and are getting the generic tracer instead which is likely not what you want. @ https://a.slack-edge.com/bv1-13-br/modern.vendor.4a44bda80c5358ea.min.js:3720
[   90458ms] [INFO] Jul-19 23:19:57.581 [API-Q] (T09J1FBV3D0) noversion-1784470797.581 Flannel users/info called with reason: flannel-call:users/info @ https://a.slack-edge.com/bv1-13-br/modern.vendor.4a44bda80c5358ea.min.js:3720
[   90458ms] [INFO] Jul-19 23:19:57.581 [API-Q] (T09J1FBV3D0) noversion-1784470797.581 Flannel users/info is ENQUEUED @ https://a.slack-edge.com/bv1-13-br/modern.vendor.4a44bda80c5358ea.min.js:3720
[   90458ms] [INFO] Jul-19 23:19:57.581 [API-Q] (T09J1FBV3D0) noversion-1784470797.581 Flannel users/info is ACTIVE @ https://a.slack-edge.com/bv1-13-br/modern.vendor.4a44bda80c5358ea.min.js:3720
[   90550ms] [INFO] Jul-19 23:19:57.674 [API-Q] (T09J1FBV3D0) noversion-1784470797.581 Flannel users/info is RESOLVED @ https://a.slack-edge.com/bv1-13-br/modern.vendor.4a44bda80c5358ea.min.js:3720
[  150460ms] [WARNING] Jul-19 23:20:57.583 TRACES You tried to get a team-specific tracer but didn’t provide enough context and are getting the generic tracer instead which is likely not what you want. @ https://a.slack-edge.com/bv1-13-br/modern.vendor.4a44bda80c5358ea.min.js:3720
[  628576ms] [INFO] Jul-19 23:28:55.699 [WINDOW-UNLOADING] (T09J1FBV3D0) workspace handling window unloading event @ https://a.slack-edge.com/bv1-13-br/modern.vendor.4a44bda80c5358ea.min.js:3720
[  628576ms] [WARNING] Jul-19 23:28:55.699 Couldn't complete metrics measurement for start mark 'session_lifespan' @ https://a.slack-edge.com/bv1-13-br/modern.vendor.4a44bda80c5358ea.min.js:3720
[  628576ms] [WARNING] Jul-19 23:28:55.700 Couldn't complete metrics measurement for start mark 'session_lifespan' @ https://a.slack-edge.com/bv1-13-br/modern.vendor.4a44bda80c5358ea.min.js:3720
